Archive member included to satisfy reference by file (symbol)

../../../../lib/ksdk_platform_lib/armgcc/KL03Z4/release/libksdk_platform.a(fsl_os_abstraction_bm.c.obj)
                              CMakeFiles/Warp.dir/home/cdalz/Warp-firmware/build/ksdk1.1/work/demos/Warp/src/warp-kl03-ksdk1.1-boot.c.obj (OSA_TimeDelay)
../../../../lib/ksdk_platform_lib/armgcc/KL03Z4/release/libksdk_platform.a(fsl_clock_manager.c.obj)
                              CMakeFiles/Warp.dir/home/cdalz/Warp-firmware/build/ksdk1.1/work/demos/Warp/src/warp-kl03-ksdk1.1-boot.c.obj (CLOCK_SYS_Init)
../../../../lib/ksdk_platform_lib/armgcc/KL03Z4/release/libksdk_platform.a(fsl_clock_MKL03Z4.c.obj)
                              ../../../../lib/ksdk_platform_lib/armgcc/KL03Z4/release/libksdk_platform.a(fsl_clock_manager.c.obj) (CLOCK_SYS_SetConfiguration)
../../../../lib/ksdk_platform_lib/armgcc/KL03Z4/release/libksdk_platform.a(fsl_interrupt_manager.c.obj)
                              ../../../../lib/ksdk_platform_lib/armgcc/KL03Z4/release/libksdk_platform.a(fsl_os_abstraction_bm.c.obj) (INT_SYS_InstallHandler)
../../../../lib/ksdk_platform_lib/armgcc/KL03Z4/release/libksdk_platform.a(fsl_power_manager.c.obj)
                              CMakeFiles/Warp.dir/home/cdalz/Warp-firmware/build/ksdk1.1/work/demos/Warp/src/warp-kl03-ksdk1.1-boot.c.obj (POWER_SYS_Init)
../../../../lib/ksdk_platform_lib/armgcc/KL03Z4/release/libksdk_platform.a(fsl_gpio_driver.c.obj)
                              ../../../../lib/ksdk_platform_lib/armgcc/KL03Z4/release/libksdk_platform.a(fsl_power_manager.c.obj) (GPIO_DRV_InputPinInit)
../../../../lib/ksdk_platform_lib/armgcc/KL03Z4/release/libksdk_platform.a(fsl_i2c_shared_function.c.obj)
                              CMakeFiles/Warp.dir/home/cdalz/Warp-firmware/build/ksdk1.1/work/platform/drivers/src/i2c/fsl_i2c_irq.c.obj (I2C_DRV_IRQHandler)
../../../../lib/ksdk_platform_lib/armgcc/KL03Z4/release/libksdk_platform.a(fsl_i2c_common.c.obj)
                              ../../../../lib/ksdk_platform_lib/armgcc/KL03Z4/release/libksdk_platform.a(fsl_i2c_shared_function.c.obj) (g_i2cBaseAddr)
../../../../lib/ksdk_platform_lib/armgcc/KL03Z4/release/libksdk_platform.a(fsl_i2c_master_driver.c.obj)
                              CMakeFiles/Warp.dir/home/cdalz/Warp-firmware/build/ksdk1.1/work/demos/Warp/src/warp-kl03-ksdk1.1-boot.c.obj (I2C_DRV_MasterInit)
../../../../lib/ksdk_platform_lib/armgcc/KL03Z4/release/libksdk_platform.a(fsl_i2c_slave_driver.c.obj)
                              ../../../../lib/ksdk_platform_lib/armgcc/KL03Z4/release/libksdk_platform.a(fsl_i2c_shared_function.c.obj) (I2C_DRV_SlaveIRQHandler)
../../../../lib/ksdk_platform_lib/armgcc/KL03Z4/release/libksdk_platform.a(fsl_llwu_hal.c.obj)
                              ../../../../lib/ksdk_platform_lib/armgcc/KL03Z4/release/libksdk_platform.a(fsl_power_manager.c.obj) (LLWU_HAL_SetExternalInputPinMode)
../../../../lib/ksdk_platform_lib/armgcc/KL03Z4/release/libksdk_platform.a(fsl_lpuart_driver.c.obj)
                              CMakeFiles/Warp.dir/home/cdalz/Warp-firmware/build/ksdk1.1/work/demos/Warp/src/warp-kl03-ksdk1.1-boot.c.obj (LPUART_DRV_Init)
../../../../lib/ksdk_platform_lib/armgcc/KL03Z4/release/libksdk_platform.a(fsl_lpuart_common.c.obj)
                              ../../../../lib/ksdk_platform_lib/armgcc/KL03Z4/release/libksdk_platform.a(fsl_lpuart_driver.c.obj) (g_lpuartRxTxIrqId)
../../../../lib/ksdk_platform_lib/armgcc/KL03Z4/release/libksdk_platform.a(fsl_mcglite_hal.c.obj)
                              ../../../../lib/ksdk_platform_lib/armgcc/KL03Z4/release/libksdk_platform.a(fsl_clock_MKL03Z4.c.obj) (CLOCK_HAL_GetInternalRefClk)
../../../../lib/ksdk_platform_lib/armgcc/KL03Z4/release/libksdk_platform.a(fsl_mcglite_hal_modes.c.obj)
                              ../../../../lib/ksdk_platform_lib/armgcc/KL03Z4/release/libksdk_platform.a(fsl_power_manager.c.obj) (CLOCK_HAL_GetMode)
../../../../lib/ksdk_platform_lib/armgcc/KL03Z4/release/libksdk_platform.a(fsl_osc_hal.c.obj)
                              ../../../../lib/ksdk_platform_lib/armgcc/KL03Z4/release/libksdk_platform.a(fsl_clock_MKL03Z4.c.obj) (OSC_HAL_SetExternalRefClkCmd)
../../../../lib/ksdk_platform_lib/armgcc/KL03Z4/release/libksdk_platform.a(fsl_rtc_hal.c.obj)
                              CMakeFiles/Warp.dir/home/cdalz/Warp-firmware/build/ksdk1.1/work/demos/Warp/src/warp-kl03-ksdk1.1-powermodes.c.obj (RTC_HAL_ConvertSecsToDatetime)
../../../../lib/ksdk_platform_lib/armgcc/KL03Z4/release/libksdk_platform.a(fsl_rtc_driver.c.obj)
                              CMakeFiles/Warp.dir/home/cdalz/Warp-firmware/build/ksdk1.1/work/demos/Warp/src/warp-kl03-ksdk1.1-boot.c.obj (RTC_DRV_Init)
../../../../lib/ksdk_platform_lib/armgcc/KL03Z4/release/libksdk_platform.a(fsl_rtc_common.c.obj)
                              ../../../../lib/ksdk_platform_lib/armgcc/KL03Z4/release/libksdk_platform.a(fsl_rtc_driver.c.obj) (g_rtcSecondsIrqId)
[...]
Memory Configuration

Name             Origin             Length             Attributes
m_interrupts     0x0000000000000000 0x0000000000000100 xr
m_flash_config   0x0000000000000400 0x0000000000000010 xr
m_text           0x0000000000000410 0x0000000000007bf0 xr
m_data           0x000000001ffffe00 0x0000000000000800 rw
*default*        0x0000000000000000 0xffffffffffffffff

Linker script and memory map

LOAD /usr/lib/gcc/arm-none-eabi/6.3.1/thumb/v6-m/crti.o
LOAD /usr/lib/gcc/arm-none-eabi/6.3.1/thumb/v6-m/crtbegin.o
LOAD /usr/lib/gcc/arm-none-eabi/6.3.1/../../../arm-none-eabi/lib/thumb/v6-m/crt0.o
LOAD /usr/lib/gcc/arm-none-eabi/6.3.1/../../../arm-none-eabi/lib/thumb/v6-m/libm.a
                0x0000000000000300                __stack_size__ = 0x300
                0x0000000000000000                __heap_size__ = 0x0
LOAD CMakeFiles/Warp.dir/home/cdalz/Warp-firmware/build/ksdk1.1/work/platform/utilities/src/fsl_misc_utilities.c.obj
LOAD CMakeFiles/Warp.dir/home/cdalz/Warp-firmware/build/ksdk1.1/work/platform/startup/MKL03Z4/gcc/startup_MKL03Z4.S.obj
LOAD CMakeFiles/Warp.dir/home/cdalz/Warp-firmware/build/ksdk1.1/work/demos/Warp/src/warp-kl03-ksdk1.1-boot.c.obj
LOAD CMakeFiles/Warp.dir/home/cdalz/Warp-firmware/build/ksdk1.1/work/demos/Warp/src/warp-kl03-ksdk1.1-powermodes.c.obj
LOAD CMakeFiles/Warp.dir/home/cdalz/Warp-firmware/build/ksdk1.1/work/demos/Warp/src/devBMX055.c.obj
LOAD CMakeFiles/Warp.dir/home/cdalz/Warp-firmware/build/ksdk1.1/work/demos/Warp/src/devMMA8451Q.c.obj
LOAD CMakeFiles/Warp.dir/home/cdalz/Warp-firmware/build/ksdk1.1/work/demos/Warp/src/devHDC1000.c.obj
LOAD CMakeFiles/Warp.dir/home/cdalz/Warp-firmware/build/ksdk1.1/work/demos/Warp/src/devMAG3110.c.obj
LOAD CMakeFiles/Warp.dir/home/cdalz/Warp-firmware/build/ksdk1.1/work/demos/Warp/src/devL3GD20H.c.obj
LOAD CMakeFiles/Warp.dir/home/cdalz/Warp-firmware/build/ksdk1.1/work/demos/Warp/src/devBME680.c.obj
LOAD CMakeFiles/Warp.dir/home/cdalz/Warp-firmware/build/ksdk1.1/work/demos/Warp/src/devCCS811.c.obj
LOAD CMakeFiles/Warp.dir/home/cdalz/Warp-firmware/build/ksdk1.1/work/demos/Warp/src/devAMG8834.c.obj
LOAD CMakeFiles/Warp.dir/home/cdalz/Warp-firmware/build/ksdk1.1/work/demos/Warp/src/SEGGER_RTT.c.obj
LOAD CMakeFiles/Warp.dir/home/cdalz/Warp-firmware/build/ksdk1.1/work/demos/Warp/src/SEGGER_RTT_printf.c.obj
LOAD CMakeFiles/Warp.dir/home/cdalz/Warp-firmware/build/ksdk1.1/work/platform/drivers/src/i2c/fsl_i2c_irq.c.obj
LOAD CMakeFiles/Warp.dir/home/cdalz/Warp-firmware/build/ksdk1.1/work/platform/drivers/src/spi/fsl_spi_irq.c.obj
LOAD CMakeFiles/Warp.dir/home/cdalz/Warp-firmware/build/ksdk1.1/work/platform/startup/MKL03Z4/system_MKL03Z4.c.obj
LOAD CMakeFiles/Warp.dir/home/cdalz/Warp-firmware/build/ksdk1.1/work/platform/startup/startup.c.obj
LOAD CMakeFiles/Warp.dir/home/cdalz/Warp-firmware/build/ksdk1.1/work/boards/Warp/gpio_pins.c.obj
LOAD CMakeFiles/Warp.dir/home/cdalz/Warp-firmware/build/ksdk1.1/work/demos/Warp/src/devSSD1331.c.obj
START GROUP
LOAD ../../../../lib/ksdk_platform_lib/armgcc/KL03Z4/release/libksdk_platform.a
LOAD /usr/lib/gcc/arm-none-eabi/6.3.1/../../../arm-none-eabi/lib/thumb/v6-m/libm.a
LOAD /usr/lib/gcc/arm-none-eabi/6.3.1/../../../arm-none-eabi/lib/thumb/v6-m/libc_nano.a
LOAD /usr/lib/gcc/arm-none-eabi/6.3.1/thumb/v6-m/libgcc.a
LOAD /usr/lib/gcc/arm-none-eabi/6.3.1/../../../arm-none-eabi/lib/thumb/v6-m/libnosys.a
END GROUP
START GROUP
LOAD /usr/lib/gcc/arm-none-eabi/6.3.1/thumb/v6-m/libgcc.a
LOAD /usr/lib/gcc/arm-none-eabi/6.3.1/../../../arm-none-eabi/lib/thumb/v6-m/libc_nano.a
END GROUP
START GROUP
LOAD /usr/lib/gcc/arm-none-eabi/6.3.1/thumb/v6-m/libgcc.a
LOAD /usr/lib/gcc/arm-none-eabi/6.3.1/../../../arm-none-eabi/lib/thumb/v6-m/libc_nano.a
END GROUP
LOAD /usr/lib/gcc/arm-none-eabi/6.3.1/thumb/v6-m/crtend.o
LOAD /usr/lib/gcc/arm-none-eabi/6.3.1/thumb/v6-m/crtn.o
                0x0000000000000200                HEAP_SIZE = DEFINED (__heap_size__)?__heap_size__:0x200
                0x0000000000000050                STACK_SIZE = DEFINED (__stack_size__)?__stack_size__:0x50
                0x0000000000000000                M_VECTOR_RAM_SIZE = DEFINED (__ram_vector_table__)?0x100:0x0

.interrupts     0x0000000000000000       0xc0
                0x0000000000000000                __VECTOR_TABLE = .
                0x0000000000000000                . = ALIGN (0x4)
 *(.isr_vector)
 .isr_vector    0x0000000000000000       0xc0 CMakeFiles/Warp.dir/home/cdalz/Warp-firmware/build/ksdk1.1/work/platform/startup/MKL03Z4/gcc/startup_MKL03Z4.S.obj
                0x0000000000000000                __isr_vector
                0x00000000000000c0                . = ALIGN (0x4)

.flash_config   0x0000000000000400       0x10
                0x0000000000000400                . = ALIGN (0x4)
 *(.FlashConfig)
 .FlashConfig   0x0000000000000400       0x10 CMakeFiles/Warp.dir/home/cdalz/Warp-firmware/build/ksdk1.1/work/platform/startup/MKL03Z4/gcc/startup_MKL03Z4.S.obj
                0x0000000000000410                . = ALIGN (0x4)

.text           0x0000000000000410     0x6130
                0x0000000000000410                . = ALIGN (0x4)
 *(.text)
 .text          0x0000000000000410       0xb4 /usr/lib/gcc/arm-none-eabi/6.3.1/thumb/v6-m/crtbegin.o
 .text          0x00000000000004c4       0x6c /usr/lib/gcc/arm-none-eabi/6.3.1/../../../arm-none-eabi/lib/thumb/v6-m/crt0.o
                0x00000000000004c4                _mainCRTStartup
                0x00000000000004c4                _start
 .text          0x0000000000000530       0x30 CMakeFiles/Warp.dir/home/cdalz/Warp-firmware/build/ksdk1.1/work/platform/startup/MKL03Z4/gcc/startup_MKL03Z4.S.obj
                0x0000000000000530                Reset_Handler
                0x0000000000000558                Reserved18_IRQHandler
                0x0000000000000558                Reserved16_IRQHandler
                0x0000000000000558                HardFault_Handler
                0x0000000000000558                SysTick_Handler
                0x0000000000000558                PendSV_Handler
                0x0000000000000558                NMI_Handler
                0x0000000000000558                Reserved19_IRQHandler
                0x0000000000000558                Reserved29_IRQHandler
                0x0000000000000558                TPM0_IRQHandler
                0x0000000000000558                LLWU_IRQHandler
                0x0000000000000558                Reserved42_IRQHandler
                0x0000000000000558                ADC0_IRQHandler
                0x0000000000000558                Reserved39_IRQHandler
                0x0000000000000558                DefaultISR
                0x0000000000000558                Reserved25_IRQHandler
                0x0000000000000558                PORTB_IRQHandler
                0x0000000000000558                Reserved43_IRQHandler
                0x0000000000000558                Reserved27_IRQHandler
                0x0000000000000558                Reserved35_IRQHandler
                0x0000000000000558                Reserved20_IRQHandler
                0x0000000000000558                Reserved17_IRQHandler
                0x0000000000000558                Reserved41_IRQHandler
                0x0000000000000558                SVC_Handler
                0x0000000000000558                LPUART0_IRQHandler
                0x0000000000000558                Reserved45_IRQHandler
                0x0000000000000558                Reserved30_IRQHandler
                0x0000000000000558                PMC_IRQHandler
                0x0000000000000558                TPM1_IRQHandler
                0x0000000000000558                PORTA_IRQHandler
                0x0000000000000558                FTFA_IRQHandler
                0x0000000000000558                Reserved40_IRQHandler
                0x0000000000000558                Reserved38_IRQHandler
                0x0000000000000558                LPTMR0_IRQHandler
                0x0000000000000558                CMP0_IRQHandler
 .text          0x0000000000000560       0x10 /usr/lib/gcc/arm-none-eabi/6.3.1/../../../arm-none-eabi/lib/thumb/v6-m/libc_nano.a(lib_a-atexit.o)
                0x0000000000000560                atexit
 .text          0x0000000000000570        0xc /usr/lib/gcc/arm-none-eabi/6.3.1/../../../arm-none-eabi/lib/thumb/v6-m/libc_nano.a(lib_a-errno.o)
                0x0000000000000570                __errno
 .text          0x000000000000057c       0x2c /usr/lib/gcc/arm-none-eabi/6.3.1/../../../arm-none-eabi/lib/thumb/v6-m/libc_nano.a(lib_a-exit.o)
                0x000000000000057c                exit
 .text          0x00000000000005a8       0x34 /usr/lib/gcc/arm-none-eabi/6.3.1/../../../arm-none-eabi/lib/thumb/v6-m/libc_nano.a(lib_a-fini.o)
                0x00000000000005a8                __libc_fini_array
 .text          0x00000000000005dc       0x48 /usr/lib/gcc/arm-none-eabi/6.3.1/../../../arm-none-eabi/lib/thumb/v6-m/libc_nano.a(lib_a-init.o)
                0x00000000000005dc                __libc_init_array
 .text          0x0000000000000624       0x28 /usr/lib/gcc/arm-none-eabi/6.3.1/../../../arm-none-eabi/lib/thumb/v6-m/libc_nano.a(lib_a-malloc.o)
                0x0000000000000624                malloc
                0x0000000000000638                free
 .text          0x000000000000064c       0x84 /usr/lib/gcc/arm-none-eabi/6.3.1/../../../arm-none-eabi/lib/thumb/v6-m/libc_nano.a(lib_a-memcpy-stub.o)
                0x000000000000064c                memcpy
 .text          0x00000000000006d0       0x94 /usr/lib/gcc/arm-none-eabi/6.3.1/../../../arm-none-eabi/lib/thumb/v6-m/libc_nano.a(lib_a-memset.o)
                0x00000000000006d0                memset
 .text          0x0000000000000764       0x94 /usr/lib/gcc/arm-none-eabi/6.3.1/../../../arm-none-eabi/lib/thumb/v6-m/libc_nano.a(lib_a-nano-freer.o)
                0x0000000000000764                _free_r
 .text          0x00000000000007f8       0xc0 /usr/lib/gcc/arm-none-eabi/6.3.1/../../../arm-none-eabi/lib/thumb/v6-m/libc_nano.a(lib_a-nano-mallocr.o)
                0x00000000000007f8                _malloc_r
 .text          0x00000000000008b8       0x24 /usr/lib/gcc/arm-none-eabi/6.3.1/../../../arm-none-eabi/lib/thumb/v6-m/libc_nano.a(lib_a-sbrkr.o)
                0x00000000000008b8                _sbrk_r
 .text          0x00000000000008dc       0x10 /usr/lib/gcc/arm-none-eabi/6.3.1/../../../arm-none-eabi/lib/thumb/v6-m/libc_nano.a(lib_a-strcpy.o)
                0x00000000000008dc                strcpy
 .text          0x00000000000008ec       0x64 /usr/lib/gcc/arm-none-eabi/6.3.1/../../../arm-none-eabi/lib/thumb/v6-m/libc_nano.a(lib_a-strlen-stub.o)
                0x00000000000008ec                strlen
 .text          0x0000000000000950       0xf0 /usr/lib/gcc/arm-none-eabi/6.3.1/../../../arm-none-eabi/lib/thumb/v6-m/libc_nano.a(lib_a-__atexit.o)
                0x0000000000000950                __register_exitproc
 .text          0x0000000000000a40      0x128 /usr/lib/gcc/arm-none-eabi/6.3.1/../../../arm-none-eabi/lib/thumb/v6-m/libc_nano.a(lib_a-__call_atexit.o)
                0x0000000000000a40                __call_exitprocs
 .text          0x0000000000000b68       0x14 /usr/lib/gcc/arm-none-eabi/6.3.1/thumb/v6-m/libgcc.a(_thumb1_case_uqi.o)
                0x0000000000000b68                __gnu_thumb1_case_uqi
 .text          0x0000000000000b7c      0x114 /usr/lib/gcc/arm-none-eabi/6.3.1/thumb/v6-m/libgcc.a(_udivsi3.o)
                0x0000000000000b7c                __udivsi3
                0x0000000000000b7c                __aeabi_uidiv
                0x0000000000000c88                __aeabi_uidivmod
 .text          0x0000000000000c90      0x1d4 /usr/lib/gcc/arm-none-eabi/6.3.1/thumb/v6-m/libgcc.a(_divsi3.o)
                0x0000000000000c90                __aeabi_idiv
                0x0000000000000c90                __divsi3
                0x0000000000000e5c                __aeabi_idivmod
 .text          0x0000000000000e64        0x4 /usr/lib/gcc/arm-none-eabi/6.3.1/thumb/v6-m/libgcc.a(_dvmd_tls.o)
                0x0000000000000e64                __aeabi_ldiv0
                0x0000000000000e64                __aeabi_idiv0
 .text          0x0000000000000e68        0x4 /usr/lib/gcc/arm-none-eabi/6.3.1/../../../arm-none-eabi/lib/thumb/v6-m/libnosys.a(_exit.o)
                0x0000000000000e68                _exit
 *(.text*)
 .text._sbrk    0x0000000000000e6c       0x38 CMakeFiles/Warp.dir/home/cdalz/Warp-firmware/build/ksdk1.1/work/platform/utilities/src/fsl_misc_utilities.c.obj
                0x0000000000000e6c                _sbrk
 .text.clockManagerCallbackRoutine
                0x0000000000000ea4        0xc CMakeFiles/Warp.dir/home/cdalz/Warp-firmware/build/ksdk1.1/work/demos/Warp/src/warp-kl03-ksdk1.1-boot.c.obj
                0x0000000000000ea4                clockManagerCallbackRoutine
 .text.callback0
                0x0000000000000eb0       0x14 CMakeFiles/Warp.dir/home/cdalz/Warp-firmware/build/ksdk1.1/work/demos/Warp/src/warp-kl03-ksdk1.1-boot.c.obj
                0x0000000000000eb0                callback0
 .text.RTC_IRQHandler
                0x0000000000000ec4       0x16 CMakeFiles/Warp.dir/home/cdalz/Warp-firmware/build/ksdk1.1/work/demos/Warp/src/warp-kl03-ksdk1.1-boot.c.obj
                0x0000000000000ec4                RTC_IRQHandler
 *fill*         0x0000000000000eda        0x2 
 .text.RTC_Seconds_IRQHandler
                0x0000000000000edc       0x10 CMakeFiles/Warp.dir/home/cdalz/Warp-firmware/build/ksdk1.1/work/demos/Warp/src/warp-kl03-ksdk1.1-boot.c.obj
                0x0000000000000edc                RTC_Seconds_IRQHandler
 .text.enableSPIpins
                0x0000000000000eec       0x5c CMakeFiles/Warp.dir/home/cdalz/Warp-firmware/build/ksdk1.1/work/demos/Warp/src/warp-kl03-ksdk1.1-boot.c.obj
                0x0000000000000eec                enableSPIpins
 .text.disableSPIpins
                0x0000000000000f48       0x40 CMakeFiles/Warp.dir/home/cdalz/Warp-firmware/build/ksdk1.1/work/demos/Warp/src/warp-kl03-ksdk1.1-boot.c.obj
                0x0000000000000f48                disableSPIpins
 .text.enableI2Cpins
                0x0000000000000f88       0x2c CMakeFiles/Warp.dir/home/cdalz/Warp-firmware/build/ksdk1.1/work/demos/Warp/src/warp-kl03-ksdk1.1-boot.c.obj
                0x0000000000000f88                enableI2Cpins
 .text.disableI2Cpins
                0x0000000000000fb4       0x34 CMakeFiles/Warp.dir/home/cdalz/Warp-firmware/build/ksdk1.1/work/demos/Warp/src/warp-kl03-ksdk1.1-boot.c.obj
                0x0000000000000fb4                disableI2Cpins
 .text.lowPowerPinStates
                0x0000000000000fe8      0x128 CMakeFiles/Warp.dir/home/cdalz/Warp-firmware/build/ksdk1.1/work/demos/Warp/src/warp-kl03-ksdk1.1-boot.c.obj
                0x0000000000000fe8                lowPowerPinStates
 .text.disableTPS82740A
                0x0000000000001110        0xa CMakeFiles/Warp.dir/home/cdalz/Warp-firmware/build/ksdk1.1/work/demos/Warp/src/warp-kl03-ksdk1.1-boot.c.obj
                0x0000000000001110                disableTPS82740A
 .text.disableTPS82740B
                0x000000000000111a        0xa CMakeFiles/Warp.dir/home/cdalz/Warp-firmware/build/ksdk1.1/work/demos/Warp/src/warp-kl03-ksdk1.1-boot.c.obj
                0x000000000000111a                disableTPS82740B
 .text.setTPS82740CommonControlLines
                0x0000000000001124      0x118 CMakeFiles/Warp.dir/home/cdalz/Warp-firmware/build/ksdk1.1/work/demos/Warp/src/warp-kl03-ksdk1.1-boot.c.obj
                0x0000000000001124                setTPS82740CommonControlLines
 .text.enableTPS82740A
                0x000000000000123c       0x1c CMakeFiles/Warp.dir/home/cdalz/Warp-firmware/build/ksdk1.1/work/demos/Warp/src/warp-kl03-ksdk1.1-boot.c.obj
                0x000000000000123c                enableTPS82740A
 .text.enableTPS82740B
                0x0000000000001258       0x1c CMakeFiles/Warp.dir/home/cdalz/Warp-firmware/build/ksdk1.1/work/demos/Warp/src/warp-kl03-ksdk1.1-boot.c.obj
                0x0000000000001258                enableTPS82740B
 .text.enableSssupply
                0x0000000000001274       0x40 CMakeFiles/Warp.dir/home/cdalz/Warp-firmware/build/ksdk1.1/work/demos/Warp/src/warp-kl03-ksdk1.1-boot.c.obj
                0x0000000000001274                enableSssupply
 .text.disableSssupply
                0x00000000000012b4       0x20 CMakeFiles/Warp.dir/home/cdalz/Warp-firmware/build/ksdk1.1/work/demos/Warp/src/warp-kl03-ksdk1.1-boot.c.obj
                0x00000000000012b4                disableSssupply
 .text.warpLowPowerSecondsSleep
                0x00000000000012d4       0x1e CMakeFiles/Warp.dir/home/cdalz/Warp-firmware/build/ksdk1.1/work/demos/Warp/src/warp-kl03-ksdk1.1-boot.c.obj
                0x00000000000012d4                warpLowPowerSecondsSleep
 .text.sleepUntilReset
                0x00000000000012f2       0x16 CMakeFiles/Warp.dir/home/cdalz/Warp-firmware/build/ksdk1.1/work/demos/Warp/src/warp-kl03-ksdk1.1-boot.c.obj
                0x00000000000012f2                sleepUntilReset
 .text.printAllSensors
                0x0000000000001308       0xac CMakeFiles/Warp.dir/home/cdalz/Warp-firmware/build/ksdk1.1/work/demos/Warp/src/warp-kl03-ksdk1.1-boot.c.obj
                0x0000000000001308                printAllSensors
 .text.loopForSensor
                0x00000000000013b4      0x1cc CMakeFiles/Warp.dir/home/cdalz/Warp-firmware/build/ksdk1.1/work/demos/Warp/src/warp-kl03-ksdk1.1-boot.c.obj
                0x00000000000013b4                loopForSensor
 .text.repeatRegisterReadForDeviceAndAddress
                0x0000000000001580      0x124 CMakeFiles/Warp.dir/home/cdalz/Warp-firmware/build/ksdk1.1/work/demos/Warp/src/warp-kl03-ksdk1.1-boot.c.obj
                0x0000000000001580                repeatRegisterReadForDeviceAndAddress
 .text.char2int
                0x00000000000016a4       0x24 CMakeFiles/Warp.dir/home/cdalz/Warp-firmware/build/ksdk1.1/work/demos/Warp/src/warp-kl03-ksdk1.1-boot.c.obj
                0x00000000000016a4                char2int
 .text.readHexByte
                0x00000000000016c8       0x2a CMakeFiles/Warp.dir/home/cdalz/Warp-firmware/build/ksdk1.1/work/demos/Warp/src/warp-kl03-ksdk1.1-boot.c.obj
                0x00000000000016c8                readHexByte
 .text.read4digits
                0x00000000000016f2       0x40 CMakeFiles/Warp.dir/home/cdalz/Warp-firmware/build/ksdk1.1/work/demos/Warp/src/warp-kl03-ksdk1.1-boot.c.obj
                0x00000000000016f2                read4digits
 *fill*         0x0000000000001732        0x2 
 .text.writeByteToI2cDeviceRegister
                0x0000000000001734       0x44 CMakeFiles/Warp.dir/home/cdalz/Warp-firmware/build/ksdk1.1/work/demos/Warp/src/warp-kl03-ksdk1.1-boot.c.obj
                0x0000000000001734                writeByteToI2cDeviceRegister
 .text.writeBytesToSpi
                0x0000000000001778       0x40 CMakeFiles/Warp.dir/home/cdalz/Warp-firmware/build/ksdk1.1/work/demos/Warp/src/warp-kl03-ksdk1.1-boot.c.obj
                0x0000000000001778                writeBytesToSpi
 .text.powerupAllSensors
                0x00000000000017b8       0x10 CMakeFiles/Warp.dir/home/cdalz/Warp-firmware/build/ksdk1.1/work/demos/Warp/src/warp-kl03-ksdk1.1-boot.c.obj
                0x00000000000017b8                powerupAllSensors
 .text.activateAllLowPowerSensorModes
                0x00000000000017c8       0x34 CMakeFiles/Warp.dir/home/cdalz/Warp-firmware/build/ksdk1.1/work/demos/Warp/src/warp-kl03-ksdk1.1-boot.c.obj
                0x00000000000017c8                activateAllLowPowerSensorModes
 .text.startup.main
                0x00000000000017fc      0xb4c CMakeFiles/Warp.dir/home/cdalz/Warp-firmware/build/ksdk1.1/work/demos/Warp/src/warp-kl03-ksdk1.1-boot.c.obj
                0x00000000000017fc                main
 .text.setSleepRtcAlarm
                0x0000000000002348       0x2e CMakeFiles/Warp.dir/home/cdalz/Warp-firmware/build/ksdk1.1/work/demos/Warp/src/warp-kl03-ksdk1.1-powermodes.c.obj
 *fill*         0x0000000000002376        0x2 
 .text.gpioDisableWakeUp
                0x0000000000002378       0x18 CMakeFiles/Warp.dir/home/cdalz/Warp-firmware/build/ksdk1.1/work/demos/Warp/src/warp-kl03-ksdk1.1-powermodes.c.obj
                0x0000000000002378                gpioDisableWakeUp
 .text.warpSetLowPowerMode
                0x0000000000002390       0xf2 CMakeFiles/Warp.dir/home/cdalz/Warp-firmware/build/ksdk1.1/work/demos/Warp/src/warp-kl03-ksdk1.1-powermodes.c.obj
                0x0000000000002390                warpSetLowPowerMode
 *fill*         0x0000000000002482        0x2 
 .text.writeSensorRegisterMMA8451Q.part.0
                0x0000000000002484       0x44 CMakeFiles/Warp.dir/home/cdalz/Warp-firmware/build/ksdk1.1/work/demos/Warp/src/devMMA8451Q.c.obj
 .text.initMMA8451Q
                0x00000000000024c8        0xa CMakeFiles/Warp.dir/home/cdalz/Warp-firmware/build/ksdk1.1/work/demos/Warp/src/devMMA8451Q.c.obj
                0x00000000000024c8                initMMA8451Q
 .text.configureSensorMMA8451Q
                0x00000000000024d2       0x1c CMakeFiles/Warp.dir/home/cdalz/Warp-firmware/build/ksdk1.1/work/demos/Warp/src/devMMA8451Q.c.obj
                0x00000000000024d2                configureSensorMMA8451Q
 *fill*         0x00000000000024ee        0x2 
 .text.readSensorRegisterMMA8451Q
                0x00000000000024f0       0x64 CMakeFiles/Warp.dir/home/cdalz/Warp-firmware/build/ksdk1.1/work/demos/Warp/src/devMMA8451Q.c.obj
                0x00000000000024f0                readSensorRegisterMMA8451Q
 .text.printSensorDataMMA8451Q
                0x0000000000002554       0xe4 CMakeFiles/Warp.dir/home/cdalz/Warp-firmware/build/ksdk1.1/work/demos/Warp/src/devMMA8451Q.c.obj
                0x0000000000002554                printSensorDataMMA8451Q
 .text._GetAvailWriteSpace
                0x0000000000002638       0x12 CMakeFiles/Warp.dir/home/cdalz/Warp-firmware/build/ksdk1.1/work/demos/Warp/src/SEGGER_RTT.c.obj
 .text._WriteNoCheck
                0x000000000000264a       0x38 CMakeFiles/Warp.dir/home/cdalz/Warp-firmware/build/ksdk1.1/work/demos/Warp/src/SEGGER_RTT.c.obj
 .text._WriteBlocking
                0x0000000000002682       0x5a CMakeFiles/Warp.dir/home/cdalz/Warp-firmware/build/ksdk1.1/work/demos/Warp/src/SEGGER_RTT.c.obj
 .text._DoInit  0x00000000000026dc       0x5c CMakeFiles/Warp.dir/home/cdalz/Warp-firmware/build/ksdk1.1/work/demos/Warp/src/SEGGER_RTT.c.obj
 .text.SEGGER_RTT_ReadNoLock
                0x0000000000002738       0xa4 CMakeFiles/Warp.dir/home/cdalz/Warp-firmware/build/ksdk1.1/work/demos/Warp/src/SEGGER_RTT.c.obj
                0x0000000000002738                SEGGER_RTT_ReadNoLock
 .text.SEGGER_RTT_Read
                0x00000000000027dc       0x1a CMakeFiles/Warp.dir/home/cdalz/Warp-firmware/build/ksdk1.1/work/demos/Warp/src/SEGGER_RTT.c.obj
                0x00000000000027dc                SEGGER_RTT_Read
 *fill*         0x00000000000027f6        0x2 
 .text.SEGGER_RTT_WriteNoLock
                0x00000000000027f8       0x6c CMakeFiles/Warp.dir/home/cdalz/Warp-firmware/build/ksdk1.1/work/demos/Warp/src/SEGGER_RTT.c.obj
                0x00000000000027f8                SEGGER_RTT_WriteNoLock
 .text.SEGGER_RTT_Write
                0x0000000000002864       0x34 CMakeFiles/Warp.dir/home/cdalz/Warp-firmware/build/ksdk1.1/work/demos/Warp/src/SEGGER_RTT.c.obj
                0x0000000000002864                SEGGER_RTT_Write
 .text.SEGGER_RTT_WriteString
                0x0000000000002898       0x18 CMakeFiles/Warp.dir/home/cdalz/Warp-firmware/build/ksdk1.1/work/demos/Warp/src/SEGGER_RTT.c.obj
                0x0000000000002898                SEGGER_RTT_WriteString
 .text.SEGGER_RTT_GetKey
                0x00000000000028b0       0x1e CMakeFiles/Warp.dir/home/cdalz/Warp-firmware/build/ksdk1.1/work/demos/Warp/src/SEGGER_RTT.c.obj
                0x00000000000028b0                SEGGER_RTT_GetKey
 .text.SEGGER_RTT_WaitKey
                0x00000000000028ce        0xc CMakeFiles/Warp.dir/home/cdalz/Warp-firmware/build/ksdk1.1/work/demos/Warp/src/SEGGER_RTT.c.obj
                0x00000000000028ce                SEGGER_RTT_WaitKey
 *fill*         0x00000000000028da        0x2 
 .text.SEGGER_RTT_ConfigUpBuffer
                0x00000000000028dc       0x60 CMakeFiles/Warp.dir/home/cdalz/Warp-firmware/build/ksdk1.1/work/demos/Warp/src/SEGGER_RTT.c.obj
                0x00000000000028dc                SEGGER_RTT_ConfigUpBuffer
 .text._StoreChar
                0x000000000000293c       0x3e CMakeFiles/Warp.dir/home/cdalz/Warp-firmware/build/ksdk1.1/work/demos/Warp/src/SEGGER_RTT_printf.c.obj
 *fill*         0x000000000000297a        0x2 
 .text._PrintUnsigned
                0x000000000000297c       0xe0 CMakeFiles/Warp.dir/home/cdalz/Warp-firmware/build/ksdk1.1/work/demos/Warp/src/SEGGER_RTT_printf.c.obj
 .text.SEGGER_RTT_vprintf
                0x0000000000002a5c      0x25a CMakeFiles/Warp.dir/home/cdalz/Warp-firmware/build/ksdk1.1/work/demos/Warp/src/SEGGER_RTT_printf.c.obj
                0x0000000000002a5c                SEGGER_RTT_vprintf
 .text.SEGGER_RTT_printf
                0x0000000000002cb6       0x18 CMakeFiles/Warp.dir/home/cdalz/Warp-firmware/build/ksdk1.1/work/demos/Warp/src/SEGGER_RTT_printf.c.obj
                0x0000000000002cb6                SEGGER_RTT_printf
 .text.I2C0_IRQHandler
                0x0000000000002cce        0xa CMakeFiles/Warp.dir/home/cdalz/Warp-firmware/build/ksdk1.1/work/platform/drivers/src/i2c/fsl_i2c_irq.c.obj
                0x0000000000002cce                I2C0_IRQHandler
 .text.SPI0_IRQHandler
                0x0000000000002cd8        0xa CMakeFiles/Warp.dir/home/cdalz/Warp-firmware/build/ksdk1.1/work/platform/drivers/src/spi/fsl_spi_irq.c.obj
                0x0000000000002cd8                SPI0_IRQHandler
 *fill*         0x0000000000002ce2        0x2 
 .text.SystemInit
                0x0000000000002ce4       0x84 CMakeFiles/Warp.dir/home/cdalz/Warp-firmware/build/ksdk1.1/work/platform/startup/MKL03Z4/system_MKL03Z4.c.obj
                0x0000000000002ce4                SystemInit
 .text.init_data_bss
                0x0000000000002d68       0x74 CMakeFiles/Warp.dir/home/cdalz/Warp-firmware/build/ksdk1.1/work/platform/startup/startup.c.obj
                0x0000000000002d68                init_data_bss
 .text.writeCommand
                0x0000000000002ddc       0x4c CMakeFiles/Warp.dir/home/cdalz/Warp-firmware/build/ksdk1.1/work/demos/Warp/src/devSSD1331.c.obj
 .text.devSSD1331init
                0x0000000000002e28      0x1b4 CMakeFiles/Warp.dir/home/cdalz/Warp-firmware/build/ksdk1.1/work/demos/Warp/src/devSSD1331.c.obj
                0x0000000000002e28                devSSD1331init
 .text.OSA_SemaCreate
                0x0000000000002fdc        0xe ../../../../lib/ksdk_platform_lib/armgcc/KL03Z4/release/libksdk_platform.a(fsl_os_abstraction_bm.c.obj)
                0x0000000000002fdc                OSA_SemaCreate
 .text.OSA_SemaPost
                0x0000000000002fea       0x20 ../../../../lib/ksdk_platform_lib/armgcc/KL03Z4/release/libksdk_platform.a(fsl_os_abstraction_bm.c.obj)
                0x0000000000002fea                OSA_SemaPost
 .text.OSA_SemaDestroy
                0x000000000000300a        0x4 ../../../../lib/ksdk_platform_lib/armgcc/KL03Z4/release/libksdk_platform.a(fsl_os_abstraction_bm.c.obj)
                0x000000000000300a                OSA_SemaDestroy
 .text.OSA_EventSet
                0x000000000000300e       0x18 ../../../../lib/ksdk_platform_lib/armgcc/KL03Z4/release/libksdk_platform.a(fsl_os_abstraction_bm.c.obj)
                0x000000000000300e                OSA_EventSet
 *fill*         0x0000000000003026        0x2 
 .text.task_init
                0x0000000000003028       0x38 ../../../../lib/ksdk_platform_lib/armgcc/KL03Z4/release/libksdk_platform.a(fsl_os_abstraction_bm.c.obj)
                0x0000000000003028                task_init
 .text.OSA_TimeGetMsec
                0x0000000000003060       0x10 ../../../../lib/ksdk_platform_lib/armgcc/KL03Z4/release/libksdk_platform.a(fsl_os_abstraction_bm.c.obj)
                0x0000000000003060                OSA_TimeGetMsec
 .text.OSA_SemaWait
                0x0000000000003070       0x7a ../../../../lib/ksdk_platform_lib/armgcc/KL03Z4/release/libksdk_platform.a(fsl_os_abstraction_bm.c.obj)
                0x0000000000003070                OSA_SemaWait
 .text.OSA_TimeDelay
                0x00000000000030ea       0x24 ../../../../lib/ksdk_platform_lib/armgcc/KL03Z4/release/libksdk_platform.a(fsl_os_abstraction_bm.c.obj)
                0x00000000000030ea                OSA_TimeDelay
 .text.OSA_EnterCritical
                0x000000000000310e        0xc ../../../../lib/ksdk_platform_lib/armgcc/KL03Z4/release/libksdk_platform.a(fsl_os_abstraction_bm.c.obj)
                0x000000000000310e                OSA_EnterCritical
 .text.OSA_ExitCritical
                0x000000000000311a        0xc ../../../../lib/ksdk_platform_lib/armgcc/KL03Z4/release/libksdk_platform.a(fsl_os_abstraction_bm.c.obj)
                0x000000000000311a                OSA_ExitCritical
 *fill*         0x0000000000003126        0x2 
 .text.OSA_Init
                0x0000000000003128       0x48 ../../../../lib/ksdk_platform_lib/armgcc/KL03Z4/release/libksdk_platform.a(fsl_os_abstraction_bm.c.obj)
                0x0000000000003128                OSA_Init
 .text.CLOCK_SYS_Init
                0x0000000000003170       0x18 ../../../../lib/ksdk_platform_lib/armgcc/KL03Z4/release/libksdk_platform.a(fsl_clock_manager.c.obj)
                0x0000000000003170                CLOCK_SYS_Init
 .text.CLOCK_SYS_UpdateConfiguration
                0x0000000000003188      0x110 ../../../../lib/ksdk_platform_lib/armgcc/KL03Z4/release/libksdk_platform.a(fsl_clock_manager.c.obj)
                0x0000000000003188                CLOCK_SYS_UpdateConfiguration
 .text.CLOCK_SYS_GetCurrentConfiguration
                0x0000000000003298        0xc ../../../../lib/ksdk_platform_lib/armgcc/KL03Z4/release/libksdk_platform.a(fsl_clock_manager.c.obj)
                0x0000000000003298                CLOCK_SYS_GetCurrentConfiguration
 .text.CLOCK_SYS_SetMcgliteMode
                0x00000000000032a4       0x84 ../../../../lib/ksdk_platform_lib/armgcc/KL03Z4/release/libksdk_platform.a(fsl_clock_manager.c.obj)
                0x00000000000032a4                CLOCK_SYS_SetMcgliteMode
 .text.SIM_HAL_DisableClock.constprop.5
                0x0000000000003328       0x24 ../../../../lib/ksdk_platform_lib/armgcc/KL03Z4/release/libksdk_platform.a(fsl_clock_MKL03Z4.c.obj)
 .text.SIM_HAL_EnableClock.constprop.6
                0x000000000000334c       0x28 ../../../../lib/ksdk_platform_lib/armgcc/KL03Z4/release/libksdk_platform.a(fsl_clock_MKL03Z4.c.obj)
 .text.CLOCK_SYS_SetConfiguration
                0x0000000000003374       0x58 ../../../../lib/ksdk_platform_lib/armgcc/KL03Z4/release/libksdk_platform.a(fsl_clock_MKL03Z4.c.obj)
                0x0000000000003374                CLOCK_SYS_SetConfiguration
 .text.CLOCK_SYS_GetSystemClockFreq
                0x00000000000033cc       0x20 ../../../../lib/ksdk_platform_lib/armgcc/KL03Z4/release/libksdk_platform.a(fsl_clock_MKL03Z4.c.obj)
                0x00000000000033cc                CLOCK_SYS_GetSystemClockFreq
 .text.CLOCK_SYS_GetCoreClockFreq
                0x00000000000033ec        0x8 ../../../../lib/ksdk_platform_lib/armgcc/KL03Z4/release/libksdk_platform.a(fsl_clock_MKL03Z4.c.obj)
                0x00000000000033ec                CLOCK_SYS_GetCoreClockFreq
 .text.CLOCK_SYS_GetFlashClockFreq
                0x00000000000033f4       0x20 ../../../../lib/ksdk_platform_lib/armgcc/KL03Z4/release/libksdk_platform.a(fsl_clock_MKL03Z4.c.obj)
                0x00000000000033f4                CLOCK_SYS_GetFlashClockFreq
 .text.CLOCK_SYS_GetBusClockFreq
                0x0000000000003414        0x8 ../../../../lib/ksdk_platform_lib/armgcc/KL03Z4/release/libksdk_platform.a(fsl_clock_MKL03Z4.c.obj)
                0x0000000000003414                CLOCK_SYS_GetBusClockFreq
 .text.CLOCK_SYS_GetExternalRefClock32kFreq
                0x000000000000341c       0x3c ../../../../lib/ksdk_platform_lib/armgcc/KL03Z4/release/libksdk_platform.a(fsl_clock_MKL03Z4.c.obj)
                0x000000000000341c                CLOCK_SYS_GetExternalRefClock32kFreq
 .text.CLOCK_SYS_GetRtcFreq
                0x0000000000003458        0x8 ../../../../lib/ksdk_platform_lib/armgcc/KL03Z4/release/libksdk_platform.a(fsl_clock_MKL03Z4.c.obj)
                0x0000000000003458                CLOCK_SYS_GetRtcFreq
 .text.CLOCK_SYS_EnablePortClock
                0x0000000000003460       0x10 ../../../../lib/ksdk_platform_lib/armgcc/KL03Z4/release/libksdk_platform.a(fsl_clock_MKL03Z4.c.obj)
                0x0000000000003460                CLOCK_SYS_EnablePortClock
 .text.CLOCK_SYS_EnableSpiClock
                0x0000000000003470        0xa ../../../../lib/ksdk_platform_lib/armgcc/KL03Z4/release/libksdk_platform.a(fsl_clock_MKL03Z4.c.obj)
                0x0000000000003470                CLOCK_SYS_EnableSpiClock
 .text.CLOCK_SYS_DisableSpiClock
                0x000000000000347a        0xa ../../../../lib/ksdk_platform_lib/armgcc/KL03Z4/release/libksdk_platform.a(fsl_clock_MKL03Z4.c.obj)
                0x000000000000347a                CLOCK_SYS_DisableSpiClock
 .text.CLOCK_SYS_EnableI2cClock
                0x0000000000003484        0xa ../../../../lib/ksdk_platform_lib/armgcc/KL03Z4/release/libksdk_platform.a(fsl_clock_MKL03Z4.c.obj)
                0x0000000000003484                CLOCK_SYS_EnableI2cClock
 .text.CLOCK_SYS_DisableI2cClock
                0x000000000000348e        0xa ../../../../lib/ksdk_platform_lib/armgcc/KL03Z4/release/libksdk_platform.a(fsl_clock_MKL03Z4.c.obj)
                0x000000000000348e                CLOCK_SYS_DisableI2cClock
 .text.INT_SYS_EnableIRQGlobal
                0x0000000000003498       0x18 ../../../../lib/ksdk_platform_lib/armgcc/KL03Z4/release/libksdk_platform.a(fsl_interrupt_manager.c.obj)
                0x0000000000003498                INT_SYS_EnableIRQGlobal
 .text.INT_SYS_DisableIRQGlobal
                0x00000000000034b0       0x10 ../../../../lib/ksdk_platform_lib/armgcc/KL03Z4/release/libksdk_platform.a(fsl_interrupt_manager.c.obj)
                0x00000000000034b0                INT_SYS_DisableIRQGlobal
 .text.POWER_SYS_WaitForRunStatus
                0x00000000000034c0       0x3c ../../../../lib/ksdk_platform_lib/armgcc/KL03Z4/release/libksdk_platform.a(fsl_power_manager.c.obj)
 .text.POWER_SYS_WaitForVlprStatus
                0x00000000000034fc       0x24 ../../../../lib/ksdk_platform_lib/armgcc/KL03Z4/release/libksdk_platform.a(fsl_power_manager.c.obj)
 .text.POWER_SYS_Init
                0x0000000000003520       0x48 ../../../../lib/ksdk_platform_lib/armgcc/KL03Z4/release/libksdk_platform.a(fsl_power_manager.c.obj)
                0x0000000000003520                POWER_SYS_Init
 .text.POWER_SYS_SetMode
                0x0000000000003568      0x2ec ../../../../lib/ksdk_platform_lib/armgcc/KL03Z4/release/libksdk_platform.a(fsl_power_manager.c.obj)
                0x0000000000003568                POWER_SYS_SetMode
 .text.POWER_SYS_GetCurrentMode
                0x0000000000003854       0x20 ../../../../lib/ksdk_platform_lib/armgcc/KL03Z4/release/libksdk_platform.a(fsl_power_manager.c.obj)
                0x0000000000003854                POWER_SYS_GetCurrentMode
 .text.GPIO_DRV_InputPinInit
                0x0000000000003874       0x8c ../../../../lib/ksdk_platform_lib/armgcc/KL03Z4/release/libksdk_platform.a(fsl_gpio_driver.c.obj)
                0x0000000000003874                GPIO_DRV_InputPinInit
 .text.GPIO_DRV_OutputPinInit
                0x0000000000003900       0x58 ../../../../lib/ksdk_platform_lib/armgcc/KL03Z4/release/libksdk_platform.a(fsl_gpio_driver.c.obj)
                0x0000000000003900                GPIO_DRV_OutputPinInit
 .text.GPIO_DRV_Init
                0x0000000000003958       0x34 ../../../../lib/ksdk_platform_lib/armgcc/KL03Z4/release/libksdk_platform.a(fsl_gpio_driver.c.obj)
                0x0000000000003958                GPIO_DRV_Init
 .text.GPIO_DRV_SetPinOutput
                0x000000000000398c       0x1c ../../../../lib/ksdk_platform_lib/armgcc/KL03Z4/release/libksdk_platform.a(fsl_gpio_driver.c.obj)
                0x000000000000398c                GPIO_DRV_SetPinOutput
 .text.GPIO_DRV_ClearPinOutput
                0x00000000000039a8       0x1c ../../../../lib/ksdk_platform_lib/armgcc/KL03Z4/release/libksdk_platform.a(fsl_gpio_driver.c.obj)
                0x00000000000039a8                GPIO_DRV_ClearPinOutput
 .text.I2C_DRV_IRQHandler
                0x00000000000039c4       0x28 ../../../../lib/ksdk_platform_lib/armgcc/KL03Z4/release/libksdk_platform.a(fsl_i2c_shared_function.c.obj)
                0x00000000000039c4                I2C_DRV_IRQHandler
 .text.I2C_HAL_WriteByte
                0x00000000000039ec       0x14 ../../../../lib/ksdk_platform_lib/armgcc/KL03Z4/release/libksdk_platform.a(fsl_i2c_master_driver.c.obj)
 .text.I2C_DRV_MasterWait
                0x0000000000003a00       0x2c ../../../../lib/ksdk_platform_lib/armgcc/KL03Z4/release/libksdk_platform.a(fsl_i2c_master_driver.c.obj)
 .text.I2C_DRV_CompleteTransfer
                0x0000000000003a2c       0x4c ../../../../lib/ksdk_platform_lib/armgcc/KL03Z4/release/libksdk_platform.a(fsl_i2c_master_driver.c.obj)
 .text.I2C_DRV_SendAddress.isra.1
                0x0000000000003a78       0xf0 ../../../../lib/ksdk_platform_lib/armgcc/KL03Z4/release/libksdk_platform.a(fsl_i2c_master_driver.c.obj)
 .text.I2C_DRV_MasterInit
                0x0000000000003b68       0x78 ../../../../lib/ksdk_platform_lib/armgcc/KL03Z4/release/libksdk_platform.a(fsl_i2c_master_driver.c.obj)
                0x0000000000003b68                I2C_DRV_MasterInit
 .text.I2C_DRV_MasterDeinit
                0x0000000000003be0       0x4c ../../../../lib/ksdk_platform_lib/armgcc/KL03Z4/release/libksdk_platform.a(fsl_i2c_master_driver.c.obj)
                0x0000000000003be0                I2C_DRV_MasterDeinit
 .text.I2C_DRV_MasterSetBaudRate
                0x0000000000003c2c       0x34 ../../../../lib/ksdk_platform_lib/armgcc/KL03Z4/release/libksdk_platform.a(fsl_i2c_master_driver.c.obj)
                0x0000000000003c2c                I2C_DRV_MasterSetBaudRate
 .text.I2C_DRV_MasterSend
                0x0000000000003c60       0xe0 ../../../../lib/ksdk_platform_lib/armgcc/KL03Z4/release/libksdk_platform.a(fsl_i2c_master_driver.c.obj)
 .text.I2C_DRV_MasterReceive
                0x0000000000003d40       0xf8 ../../../../lib/ksdk_platform_lib/armgcc/KL03Z4/release/libksdk_platform.a(fsl_i2c_master_driver.c.obj)
 .text.I2C_DRV_MasterSendDataBlocking
                0x0000000000003e38       0x1a ../../../../lib/ksdk_platform_lib/armgcc/KL03Z4/release/libksdk_platform.a(fsl_i2c_master_driver.c.obj)
                0x0000000000003e38                I2C_DRV_MasterSendDataBlocking
 .text.I2C_DRV_MasterReceiveDataBlocking
                0x0000000000003e52       0x1a ../../../../lib/ksdk_platform_lib/armgcc/KL03Z4/release/libksdk_platform.a(fsl_i2c_master_driver.c.obj)
                0x0000000000003e52                I2C_DRV_MasterReceiveDataBlocking
 .text.I2C_DRV_MasterIRQHandler
                0x0000000000003e6c       0x9c ../../../../lib/ksdk_platform_lib/armgcc/KL03Z4/release/libksdk_platform.a(fsl_i2c_master_driver.c.obj)
                0x0000000000003e6c                I2C_DRV_MasterIRQHandler
 .text.I2C_HAL_ClearInt
                0x0000000000003f08        0xe ../../../../lib/ksdk_platform_lib/armgcc/KL03Z4/release/libksdk_platform.a(fsl_i2c_slave_driver.c.obj)
 *fill*         0x0000000000003f16        0x2 
 .text.I2C_DRV_SlaveIRQHandler
                0x0000000000003f18      0x244 ../../../../lib/ksdk_platform_lib/armgcc/KL03Z4/release/libksdk_platform.a(fsl_i2c_slave_driver.c.obj)
                0x0000000000003f18                I2C_DRV_SlaveIRQHandler
 .text.CLOCK_HAL_GetLircClk
                0x000000000000415c       0x30 ../../../../lib/ksdk_platform_lib/armgcc/KL03Z4/release/libksdk_platform.a(fsl_mcglite_hal.c.obj)
                0x000000000000415c                CLOCK_HAL_GetLircClk
 .text.CLOCK_HAL_GetOutClk
                0x000000000000418c       0x48 ../../../../lib/ksdk_platform_lib/armgcc/KL03Z4/release/libksdk_platform.a(fsl_mcglite_hal.c.obj)
                0x000000000000418c                CLOCK_HAL_GetOutClk
 .text.CLOCK_HAL_GetMode
                0x00000000000041d4       0x34 ../../../../lib/ksdk_platform_lib/armgcc/KL03Z4/release/libksdk_platform.a(fsl_mcglite_hal_modes.c.obj)
                0x00000000000041d4                CLOCK_HAL_GetMode
 .text.CLOCK_HAL_SetHircMode
                0x0000000000004208       0x38 ../../../../lib/ksdk_platform_lib/armgcc/KL03Z4/release/libksdk_platform.a(fsl_mcglite_hal_modes.c.obj)
                0x0000000000004208                CLOCK_HAL_SetHircMode
 .text.CLOCK_HAL_SetLircMode
                0x0000000000004240       0x84 ../../../../lib/ksdk_platform_lib/armgcc/KL03Z4/release/libksdk_platform.a(fsl_mcglite_hal_modes.c.obj)
                0x0000000000004240                CLOCK_HAL_SetLircMode
 .text.CLOCK_HAL_SetExtMode
                0x00000000000042c4       0x38 ../../../../lib/ksdk_platform_lib/armgcc/KL03Z4/release/libksdk_platform.a(fsl_mcglite_hal_modes.c.obj)
                0x00000000000042c4                CLOCK_HAL_SetExtMode
 .text.OSC_HAL_SetExternalRefClkCmd
                0x00000000000042fc        0xe ../../../../lib/ksdk_platform_lib/armgcc/KL03Z4/release/libksdk_platform.a(fsl_osc_hal.c.obj)
                0x00000000000042fc                OSC_HAL_SetExternalRefClkCmd
 .text.OSC_HAL_SetExternalRefClkInStopModeCmd
                0x000000000000430a        0xe ../../../../lib/ksdk_platform_lib/armgcc/KL03Z4/release/libksdk_platform.a(fsl_osc_hal.c.obj)
                0x000000000000430a                OSC_HAL_SetExternalRefClkInStopModeCmd
 .text.RTC_HAL_ConvertSecsToDatetime
                0x0000000000004318       0x9c ../../../../lib/ksdk_platform_lib/armgcc/KL03Z4/release/libksdk_platform.a(fsl_rtc_hal.c.obj)
                0x0000000000004318                RTC_HAL_ConvertSecsToDatetime
 .text.RTC_HAL_IsDatetimeCorrectFormat
                0x00000000000043b4       0x54 ../../../../lib/ksdk_platform_lib/armgcc/KL03Z4/release/libksdk_platform.a(fsl_rtc_hal.c.obj)
                0x00000000000043b4                RTC_HAL_IsDatetimeCorrectFormat
 .text.RTC_HAL_ConvertDatetimeToSecs
                0x0000000000004408       0x5c ../../../../lib/ksdk_platform_lib/armgcc/KL03Z4/release/libksdk_platform.a(fsl_rtc_hal.c.obj)
                0x0000000000004408                RTC_HAL_ConvertDatetimeToSecs
 .text.RTC_HAL_Enable
                0x0000000000004464       0x28 ../../../../lib/ksdk_platform_lib/armgcc/KL03Z4/release/libksdk_platform.a(fsl_rtc_hal.c.obj)
                0x0000000000004464                RTC_HAL_Enable
 .text.RTC_HAL_Init
                0x000000000000448c       0x38 ../../../../lib/ksdk_platform_lib/armgcc/KL03Z4/release/libksdk_platform.a(fsl_rtc_hal.c.obj)
                0x000000000000448c                RTC_HAL_Init
 .text.RTC_HAL_SetDatetimeInsecs
                0x00000000000044c4       0x18 ../../../../lib/ksdk_platform_lib/armgcc/KL03Z4/release/libksdk_platform.a(fsl_rtc_hal.c.obj)
                0x00000000000044c4                RTC_HAL_SetDatetimeInsecs
 .text.RTC_HAL_GetDatetimeInSecs
                0x00000000000044dc        0x6 ../../../../lib/ksdk_platform_lib/armgcc/KL03Z4/release/libksdk_platform.a(fsl_rtc_hal.c.obj)
                0x00000000000044dc                RTC_HAL_GetDatetimeInSecs
 *fill*         0x00000000000044e2        0x2 
 .text.RTC_DRV_Init
                0x00000000000044e4       0x58 ../../../../lib/ksdk_platform_lib/armgcc/KL03Z4/release/libksdk_platform.a(fsl_rtc_driver.c.obj)
                0x00000000000044e4                RTC_DRV_Init
 .text.RTC_DRV_SetDatetime
                0x000000000000453c       0x50 ../../../../lib/ksdk_platform_lib/armgcc/KL03Z4/release/libksdk_platform.a(fsl_rtc_driver.c.obj)
                0x000000000000453c                RTC_DRV_SetDatetime
 .text.RTC_DRV_GetDatetime
                0x000000000000458c       0x58 ../../../../lib/ksdk_platform_lib/armgcc/KL03Z4/release/libksdk_platform.a(fsl_rtc_driver.c.obj)
                0x000000000000458c                RTC_DRV_GetDatetime
 .text.RTC_DRV_SetAlarm
                0x00000000000045e4       0x6c ../../../../lib/ksdk_platform_lib/armgcc/KL03Z4/release/libksdk_platform.a(fsl_rtc_driver.c.obj)
                0x00000000000045e4                RTC_DRV_SetAlarm
 .text.RTC_DRV_SetAlarmIntCmd
                0x0000000000004650       0x18 ../../../../lib/ksdk_platform_lib/armgcc/KL03Z4/release/libksdk_platform.a(fsl_rtc_driver.c.obj)
                0x0000000000004650                RTC_DRV_SetAlarmIntCmd
 .text.RTC_DRV_IsAlarmPending
                0x0000000000004668       0x1c ../../../../lib/ksdk_platform_lib/armgcc/KL03Z4/release/libksdk_platform.a(fsl_rtc_driver.c.obj)
                0x0000000000004668                RTC_DRV_IsAlarmPending
 .text.CLOCK_HAL_SetOutDiv
                0x0000000000004684       0x1c ../../../../lib/ksdk_platform_lib/armgcc/KL03Z4/release/libksdk_platform.a(fsl_sim_hal_MKL03Z4.c.obj)
                0x0000000000004684                CLOCK_HAL_SetOutDiv
 .text.SPI_DRV_IRQHandler
                0x00000000000046a0       0x28 ../../../../lib/ksdk_platform_lib/armgcc/KL03Z4/release/libksdk_platform.a(fsl_spi_shared_function.c.obj)
                0x00000000000046a0                SPI_DRV_IRQHandler
 .text.SPI_DRV_MasterCompleteTransfer
                0x00000000000046c8       0x3c ../../../../lib/ksdk_platform_lib/armgcc/KL03Z4/release/libksdk_platform.a(fsl_spi_master_driver.c.obj)
 .text.SPI_DRV_MasterInit
                0x0000000000004704       0x84 ../../../../lib/ksdk_platform_lib/armgcc/KL03Z4/release/libksdk_platform.a(fsl_spi_master_driver.c.obj)
                0x0000000000004704                SPI_DRV_MasterInit
 .text.SPI_DRV_MasterDeinit
                0x0000000000004788       0x48 ../../../../lib/ksdk_platform_lib/armgcc/KL03Z4/release/libksdk_platform.a(fsl_spi_master_driver.c.obj)
                0x0000000000004788                SPI_DRV_MasterDeinit
 .text.SPI_DRV_MasterConfigureBus
                0x00000000000047d0       0x34 ../../../../lib/ksdk_platform_lib/armgcc/KL03Z4/release/libksdk_platform.a(fsl_spi_master_driver.c.obj)
                0x00000000000047d0                SPI_DRV_MasterConfigureBus
 .text.SPI_DRV_MasterStartTransfer
                0x0000000000004804       0x84 ../../../../lib/ksdk_platform_lib/armgcc/KL03Z4/release/libksdk_platform.a(fsl_spi_master_driver.c.obj)
 .text.SPI_DRV_MasterTransferBlocking
                0x0000000000004888       0x58 ../../../../lib/ksdk_platform_lib/armgcc/KL03Z4/release/libksdk_platform.a(fsl_spi_master_driver.c.obj)
                0x0000000000004888                SPI_DRV_MasterTransferBlocking
 .text.SPI_DRV_MasterIRQHandler
                0x00000000000048e0       0x84 ../../../../lib/ksdk_platform_lib/armgcc/KL03Z4/release/libksdk_platform.a(fsl_spi_master_driver.c.obj)
                0x00000000000048e0                SPI_DRV_MasterIRQHandler
 .text.SPI_DRV_SlaveCompleteTransfer
                0x0000000000004964       0x4c ../../../../lib/ksdk_platform_lib/armgcc/KL03Z4/release/libksdk_platform.a(fsl_spi_slave_driver.c.obj)
 .text.SPI_DRV_SlaveIRQHandler
                0x00000000000049b0       0xa0 ../../../../lib/ksdk_platform_lib/armgcc/KL03Z4/release/libksdk_platform.a(fsl_spi_slave_driver.c.obj)
                0x00000000000049b0                SPI_DRV_SlaveIRQHandler
 .text.SMC_HAL_GetProtectionMode
                0x0000000000004a50       0x20 ../../../../lib/ksdk_platform_lib/armgcc/KL03Z4/release/libksdk_platform.a(fsl_smc_hal.c.obj)
                0x0000000000004a50                SMC_HAL_GetProtectionMode
 .text.SMC_HAL_SetRunMode
                0x0000000000004a70       0x14 ../../../../lib/ksdk_platform_lib/armgcc/KL03Z4/release/libksdk_platform.a(fsl_smc_hal.c.obj)
                0x0000000000004a70                SMC_HAL_SetRunMode
 .text.SMC_HAL_SetPorMode
                0x0000000000004a84       0x10 ../../../../lib/ksdk_platform_lib/armgcc/KL03Z4/release/libksdk_platform.a(fsl_smc_hal.c.obj)
                0x0000000000004a84                SMC_HAL_SetPorMode
 .text.SMC_HAL_SetPstopMode
                0x0000000000004a94       0x14 ../../../../lib/ksdk_platform_lib/armgcc/KL03Z4/release/libksdk_platform.a(fsl_smc_hal.c.obj)
                0x0000000000004a94                SMC_HAL_SetPstopMode
 .text.SMC_HAL_SetLpoMode
                0x0000000000004aa8       0x10 ../../../../lib/ksdk_platform_lib/armgcc/KL03Z4/release/libksdk_platform.a(fsl_smc_hal.c.obj)
                0x0000000000004aa8                SMC_HAL_SetLpoMode
 .text.SMC_HAL_SetMode
                0x0000000000004ab8       0xf4 ../../../../lib/ksdk_platform_lib/armgcc/KL03Z4/release/libksdk_platform.a(fsl_smc_hal.c.obj)
                0x0000000000004ab8                SMC_HAL_SetMode
 .text.SMC_HAL_GetStat
                0x0000000000004bac       0x10 ../../../../lib/ksdk_platform_lib/armgcc/KL03Z4/release/libksdk_platform.a(fsl_smc_hal.c.obj)
                0x0000000000004bac                SMC_HAL_GetStat
 .text.GPIO_HAL_SetPinDir
                0x0000000000004bbc       0x20 ../../../../lib/ksdk_platform_lib/armgcc/KL03Z4/release/libksdk_platform.a(fsl_gpio_hal.c.obj)
                0x0000000000004bbc                GPIO_HAL_SetPinDir
 .text.GPIO_HAL_WritePinOutput
                0x0000000000004bdc       0x10 ../../../../lib/ksdk_platform_lib/armgcc/KL03Z4/release/libksdk_platform.a(fsl_gpio_hal.c.obj)
                0x0000000000004bdc                GPIO_HAL_WritePinOutput
 .text.I2C_HAL_Init
                0x0000000000004bec       0x1c ../../../../lib/ksdk_platform_lib/armgcc/KL03Z4/release/libksdk_platform.a(fsl_i2c_hal.c.obj)
                0x0000000000004bec                I2C_HAL_Init
 .text.I2C_HAL_SetBaudRate
                0x0000000000004c08       0x78 ../../../../lib/ksdk_platform_lib/armgcc/KL03Z4/release/libksdk_platform.a(fsl_i2c_hal.c.obj)
                0x0000000000004c08                I2C_HAL_SetBaudRate
 .text.I2C_HAL_SendStart
                0x0000000000004c80       0x24 ../../../../lib/ksdk_platform_lib/armgcc/KL03Z4/release/libksdk_platform.a(fsl_i2c_hal.c.obj)
                0x0000000000004c80                I2C_HAL_SendStart
 .text.I2C_HAL_SendStop
                0x0000000000004ca4       0x3a ../../../../lib/ksdk_platform_lib/armgcc/KL03Z4/release/libksdk_platform.a(fsl_i2c_hal.c.obj)
                0x0000000000004ca4                I2C_HAL_SendStop
 .text.SPI_HAL_Init
                0x0000000000004cde        0xe ../../../../lib/ksdk_platform_lib/armgcc/KL03Z4/release/libksdk_platform.a(fsl_spi_hal.c.obj)
                0x0000000000004cde                SPI_HAL_Init
 .text.SPI_HAL_SetBaud
                0x0000000000004cec       0x74 ../../../../lib/ksdk_platform_lib/armgcc/KL03Z4/release/libksdk_platform.a(fsl_spi_hal.c.obj)
                0x0000000000004cec                SPI_HAL_SetBaud
 .text.SPI_HAL_SetSlaveSelectOutputMode
                0x0000000000004d60       0x24 ../../../../lib/ksdk_platform_lib/armgcc/KL03Z4/release/libksdk_platform.a(fsl_spi_hal.c.obj)
                0x0000000000004d60                SPI_HAL_SetSlaveSelectOutputMode
 .text.SPI_HAL_SetDataFormat
                0x0000000000004d84       0x26 ../../../../lib/ksdk_platform_lib/armgcc/KL03Z4/release/libksdk_platform.a(fsl_spi_hal.c.obj)
                0x0000000000004d84                SPI_HAL_SetDataFormat
 .text.SPI_HAL_SetPinMode
                0x0000000000004daa       0x1e ../../../../lib/ksdk_platform_lib/armgcc/KL03Z4/release/libksdk_platform.a(fsl_spi_hal.c.obj)
                0x0000000000004daa                SPI_HAL_SetPinMode
 *(.rodata)
 .rodata        0x0000000000004dc8        0x4 /usr/lib/gcc/arm-none-eabi/6.3.1/../../../arm-none-eabi/lib/thumb/v6-m/libc_nano.a(lib_a-impure.o)
                0x0000000000004dc8                _global_impure_ptr
 *(.rodata*)
 .rodata.activateAllLowPowerSensorModes.str1.1
                0x0000000000004dcc       0x93 CMakeFiles/Warp.dir/home/cdalz/Warp-firmware/build/ksdk1.1/work/demos/Warp/src/warp-kl03-ksdk1.1-boot.c.obj
 .rodata.enableSssupply.str1.1
                0x0000000000004e5f       0x38 CMakeFiles/Warp.dir/home/cdalz/Warp-firmware/build/ksdk1.1/work/demos/Warp/src/warp-kl03-ksdk1.1-boot.c.obj
 .rodata.loopForSensor.str1.1
                0x0000000000004e97       0xab CMakeFiles/Warp.dir/home/cdalz/Warp-firmware/build/ksdk1.1/work/demos/Warp/src/warp-kl03-ksdk1.1-boot.c.obj
 .rodata.main.str1.1
                0x0000000000004f42     0x1045 CMakeFiles/Warp.dir/home/cdalz/Warp-firmware/build/ksdk1.1/work/demos/Warp/src/warp-kl03-ksdk1.1-boot.c.obj
 .rodata.powerupAllSensors.str1.1
                0x0000000000005f87       0x2c CMakeFiles/Warp.dir/home/cdalz/Warp-firmware/build/ksdk1.1/work/demos/Warp/src/warp-kl03-ksdk1.1-boot.c.obj
 .rodata.printAllSensors.str1.1
                0x0000000000005fb3       0x88 CMakeFiles/Warp.dir/home/cdalz/Warp-firmware/build/ksdk1.1/work/demos/Warp/src/warp-kl03-ksdk1.1-boot.c.obj
                                         0x8b (size before relaxing)
 .rodata.repeatRegisterReadForDeviceAndAddress.str1.1
                0x000000000000603b      0x332 CMakeFiles/Warp.dir/home/cdalz/Warp-firmware/build/ksdk1.1/work/demos/Warp/src/warp-kl03-ksdk1.1-boot.c.obj
 .rodata.setTPS82740CommonControlLines.str1.1
                0x000000000000636d       0x2d CMakeFiles/Warp.dir/home/cdalz/Warp-firmware/build/ksdk1.1/work/demos/Warp/src/warp-kl03-ksdk1.1-boot.c.obj
 .rodata.printSensorDataMMA8451Q.str1.1
                0x000000000000639a       0x17 CMakeFiles/Warp.dir/home/cdalz/Warp-firmware/build/ksdk1.1/work/demos/Warp/src/devMMA8451Q.c.obj
                                         0x1c (size before relaxing)
 .rodata._DoInit.str1.1
                0x00000000000063b1       0x14 CMakeFiles/Warp.dir/home/cdalz/Warp-firmware/build/ksdk1.1/work/demos/Warp/src/SEGGER_RTT.c.obj
 .rodata._aV2C.4372
                0x00000000000063c5       0x10 CMakeFiles/Warp.dir/home/cdalz/Warp-firmware/build/ksdk1.1/work/demos/Warp/src/SEGGER_RTT_printf.c.obj
 .rodata.devSSD1331init.str1.1
                0x00000000000063d5       0x20 CMakeFiles/Warp.dir/home/cdalz/Warp-firmware/build/ksdk1.1/work/demos/Warp/src/devSSD1331.c.obj
 .rodata.portGateTable
                0x00000000000063f5        0x2 ../../../../lib/ksdk_platform_lib/armgcc/KL03Z4/release/libksdk_platform.a(fsl_clock_MKL03Z4.c.obj)
 *fill*         0x00000000000063f7        0x1 
 .rodata.g_i2cBaseAddr
                0x00000000000063f8        0x4 ../../../../lib/ksdk_platform_lib/armgcc/KL03Z4/release/libksdk_platform.a(fsl_i2c_common.c.obj)
                0x00000000000063f8                g_i2cBaseAddr
 .rodata.g_i2cIrqId
                0x00000000000063fc        0x1 ../../../../lib/ksdk_platform_lib/armgcc/KL03Z4/release/libksdk_platform.a(fsl_i2c_common.c.obj)
                0x00000000000063fc                g_i2cIrqId
 .rodata.LY     0x00000000000063fd        0xd ../../../../lib/ksdk_platform_lib/armgcc/KL03Z4/release/libksdk_platform.a(fsl_rtc_hal.c.obj)
 .rodata.MONTH_DAYS
                0x000000000000640a       0x1a ../../../../lib/ksdk_platform_lib/armgcc/KL03Z4/release/libksdk_platform.a(fsl_rtc_hal.c.obj)
 .rodata.ULY    0x0000000000006424        0xd ../../../../lib/ksdk_platform_lib/armgcc/KL03Z4/release/libksdk_platform.a(fsl_rtc_hal.c.obj)
 *fill*         0x0000000000006431        0x3 
 .rodata.g_rtcBaseAddr
                0x0000000000006434        0x4 ../../../../lib/ksdk_platform_lib/armgcc/KL03Z4/release/libksdk_platform.a(fsl_rtc_common.c.obj)
                0x0000000000006434                g_rtcBaseAddr
 .rodata.g_rtcIrqId
                0x0000000000006438        0x1 ../../../../lib/ksdk_platform_lib/armgcc/KL03Z4/release/libksdk_platform.a(fsl_rtc_common.c.obj)
                0x0000000000006438                g_rtcIrqId
 .rodata.g_rtcSecondsIrqId
                0x0000000000006439        0x1 ../../../../lib/ksdk_platform_lib/armgcc/KL03Z4/release/libksdk_platform.a(fsl_rtc_common.c.obj)
                0x0000000000006439                g_rtcSecondsIrqId
 *fill*         0x000000000000643a        0x2 
 .rodata.g_spiBaseAddr
                0x000000000000643c        0x4 ../../../../lib/ksdk_platform_lib/armgcc/KL03Z4/release/libksdk_platform.a(fsl_spi_common.c.obj)
                0x000000000000643c                g_spiBaseAddr
 .rodata.g_spiIrqId
                0x0000000000006440        0x1 ../../../../lib/ksdk_platform_lib/armgcc/KL03Z4/release/libksdk_platform.a(fsl_spi_common.c.obj)
                0x0000000000006440                g_spiIrqId
 *fill*         0x0000000000006441        0x3 
 .rodata.g_oscBaseAddr
                0x0000000000006444        0x4 ../../../../lib/ksdk_platform_lib/armgcc/KL03Z4/release/libksdk_platform.a(fsl_clock_manager_common.c.obj)
                0x0000000000006444                g_oscBaseAddr
 .rodata.g_gpioBaseAddr
                0x0000000000006448        0x8 ../../../../lib/ksdk_platform_lib/armgcc/KL03Z4/release/libksdk_platform.a(fsl_gpio_common.c.obj)
                0x0000000000006448                g_gpioBaseAddr
 .rodata.g_portBaseAddr
                0x0000000000006450        0x8 ../../../../lib/ksdk_platform_lib/armgcc/KL03Z4/release/libksdk_platform.a(fsl_gpio_common.c.obj)
                0x0000000000006450                g_portBaseAddr
 .rodata.g_portIrqId
                0x0000000000006458        0x2 ../../../../lib/ksdk_platform_lib/armgcc/KL03Z4/release/libksdk_platform.a(fsl_gpio_common.c.obj)
                0x0000000000006458                g_portIrqId
 .rodata.kI2CDividerTable
                0x000000000000645a       0xc8 ../../../../lib/ksdk_platform_lib/armgcc/KL03Z4/release/libksdk_platform.a(fsl_i2c_hal.c.obj)
                0x000000000000645a                kI2CDividerTable
 *fill*         0x0000000000006522        0x2 
 .rodata.str1.4
                0x0000000000006524        0x4 /usr/lib/gcc/arm-none-eabi/6.3.1/../../../arm-none-eabi/lib/thumb/v6-m/libc_nano.a(lib_a-impure.o)
                                          0x2 (size before relaxing)
 *(.glue_7)
 .glue_7        0x0000000000006528        0x0 linker stubs
 *(.glue_7t)
 .glue_7t       0x0000000000006528        0x0 linker stubs
 *(.eh_frame)
 .eh_frame      0x0000000000006528        0x0 /usr/lib/gcc/arm-none-eabi/6.3.1/thumb/v6-m/crtbegin.o
 *(.init)
 .init          0x0000000000006528        0x4 /usr/lib/gcc/arm-none-eabi/6.3.1/thumb/v6-m/crti.o
                0x0000000000006528                _init
 .init          0x000000000000652c        0x8 /usr/lib/gcc/arm-none-eabi/6.3.1/thumb/v6-m/crtn.o
 *(.fini)
 .fini          0x0000000000006534        0x4 /usr/lib/gcc/arm-none-eabi/6.3.1/thumb/v6-m/crti.o
                0x0000000000006534                _fini
 .fini          0x0000000000006538        0x8 /usr/lib/gcc/arm-none-eabi/6.3.1/thumb/v6-m/crtn.o
                0x0000000000006540                . = ALIGN (0x4)

.vfp11_veneer   0x0000000000006540        0x0
 .vfp11_veneer  0x0000000000006540        0x0 linker stubs

.v4_bx          0x0000000000006540        0x0
 .v4_bx         0x0000000000006540        0x0 linker stubs

.iplt           0x0000000000006540        0x0
 .iplt          0x0000000000006540        0x0 /usr/lib/gcc/arm-none-eabi/6.3.1/thumb/v6-m/crtbegin.o

.ARM.extab
 *(.ARM.extab* .gnu.linkonce.armextab.*)

.ARM            0x0000000000006540        0x8
                0x0000000000006540                __exidx_start = .
 *(.ARM.exidx*)
 .ARM.exidx     0x0000000000006540        0x8 /usr/lib/gcc/arm-none-eabi/6.3.1/../../../arm-none-eabi/lib/thumb/v6-m/crt0.o
                0x0000000000006548                __exidx_end = .

.rel.dyn        0x0000000000006548        0x0
 .rel.iplt      0x0000000000006548        0x0 /usr/lib/gcc/arm-none-eabi/6.3.1/thumb/v6-m/crtbegin.o

.ctors          0x0000000000006548        0x0
                0x0000000000006548                __CTOR_LIST__ = .
 *crtbegin.o(.ctors)
 *crtbegin?.o(.ctors)
 *(EXCLUDE_FILE(*crtend.o *crtend?.o) .ctors)
 *(SORT(.ctors.*))
 *(.ctors)
                0x0000000000006548                __CTOR_END__ = .

.dtors          0x0000000000006548        0x0
                0x0000000000006548                __DTOR_LIST__ = .
 *crtbegin.o(.dtors)
 *crtbegin?.o(.dtors)
 *(EXCLUDE_FILE(*crtend.o *crtend?.o) .dtors)
 *(SORT(.dtors.*))
 *(.dtors)
                0x0000000000006548                __DTOR_END__ = .

.preinit_array  0x0000000000006548        0x0
                0x0000000000006548                PROVIDE (__preinit_array_start, .)
 *(.preinit_array*)
                0x0000000000006548                PROVIDE (__preinit_array_end, .)

.init_array     0x0000000000006548        0x4
                0x0000000000006548                PROVIDE (__init_array_start, .)
 *(SORT(.init_array.*))
 *(.init_array*)
 .init_array    0x0000000000006548        0x4 /usr/lib/gcc/arm-none-eabi/6.3.1/thumb/v6-m/crtbegin.o
                0x000000000000654c                PROVIDE (__init_array_end, .)

.fini_array     0x000000000000654c        0x4
                0x000000000000654c                PROVIDE (__fini_array_start, .)
 *(SORT(.fini_array.*))
 *(.fini_array*)
 .fini_array    0x000000000000654c        0x4 /usr/lib/gcc/arm-none-eabi/6.3.1/thumb/v6-m/crtbegin.o
                0x0000000000006550                PROVIDE (__fini_array_end, .)
                0x0000000000006550                __etext = .
                0x0000000000006550                __DATA_ROM = .

.mtb            0x000000001ffffe00        0x0
                0x000000001ffffe00                . = ALIGN (0x8)
                0x000000001ffffe00                _mtb_start = .
 *(.mtb_buf)
                0x000000001ffffe00                . = ALIGN (0x8)
                0x000000001ffffe00                _mtb_end = .

.interrupts_ram
                0x000000001ffffe00        0x0
                0x000000001ffffe00                . = ALIGN (0x4)
                0x000000001ffffe00                __VECTOR_RAM__ = .
                0x000000001ffffe00                __interrupts_ram_start__ = .
 *(.m_interrupts_ram)
                0x000000001ffffe00                . = (. + M_VECTOR_RAM_SIZE)
                0x000000001ffffe00                . = ALIGN (0x4)
                0x000000001ffffe00                __interrupts_ram_end__ = .
                0x0000000000000000                __VECTOR_RAM = DEFINED (__ram_vector_table__)?__VECTOR_RAM__:ORIGIN (m_interrupts)
                0x0000000000000000                __RAM_VECTOR_TABLE_SIZE_BYTES = DEFINED (__ram_vector_table__)?(__interrupts_ram_end__ - __interrupts_ram_start__):0x0

.data           0x000000001ffffe00      0x1ac load address 0x0000000000006550
                0x000000001ffffe00                . = ALIGN (0x4)
                0x000000001ffffe00                __DATA_RAM = .
                0x000000001ffffe00                __data_start__ = .
 *(.data)
 .data          0x000000001ffffe00       0x64 /usr/lib/gcc/arm-none-eabi/6.3.1/../../../arm-none-eabi/lib/thumb/v6-m/libc_nano.a(lib_a-impure.o)
                0x000000001ffffe00                _impure_ptr
 *(.data*)
 .data.clockCallbackTable
                0x000000001ffffe64        0x4 CMakeFiles/Warp.dir/home/cdalz/Warp-firmware/build/ksdk1.1/work/demos/Warp/src/warp-kl03-ksdk1.1-boot.c.obj
 .data.clockManagerCallbackUserlevelStructure
                0x000000001ffffe68        0xc CMakeFiles/Warp.dir/home/cdalz/Warp-firmware/build/ksdk1.1/work/demos/Warp/src/warp-kl03-ksdk1.1-boot.c.obj
                0x000000001ffffe68                clockManagerCallbackUserlevelStructure
 .data.gWarpI2cBaudRateKbps
                0x000000001ffffe74        0x4 CMakeFiles/Warp.dir/home/cdalz/Warp-firmware/build/ksdk1.1/work/demos/Warp/src/warp-kl03-ksdk1.1-boot.c.obj
                0x000000001ffffe74                gWarpI2cBaudRateKbps
 .data.gWarpI2cTimeoutMilliseconds
                0x000000001ffffe78        0x4 CMakeFiles/Warp.dir/home/cdalz/Warp-firmware/build/ksdk1.1/work/demos/Warp/src/warp-kl03-ksdk1.1-boot.c.obj
                0x000000001ffffe78                gWarpI2cTimeoutMilliseconds
 .data.gWarpMenuPrintDelayMilliseconds
                0x000000001ffffe7c        0x4 CMakeFiles/Warp.dir/home/cdalz/Warp-firmware/build/ksdk1.1/work/demos/Warp/src/warp-kl03-ksdk1.1-boot.c.obj
                0x000000001ffffe7c                gWarpMenuPrintDelayMilliseconds
 .data.gWarpMode
                0x000000001ffffe80        0x1 CMakeFiles/Warp.dir/home/cdalz/Warp-firmware/build/ksdk1.1/work/demos/Warp/src/warp-kl03-ksdk1.1-boot.c.obj
                0x000000001ffffe80                gWarpMode
 *fill*         0x000000001ffffe81        0x3 
 .data.gWarpSpiBaudRateKbps
                0x000000001ffffe84        0x4 CMakeFiles/Warp.dir/home/cdalz/Warp-firmware/build/ksdk1.1/work/demos/Warp/src/warp-kl03-ksdk1.1-boot.c.obj
                0x000000001ffffe84                gWarpSpiBaudRateKbps
 .data.gWarpSupplySettlingDelayMilliseconds
                0x000000001ffffe88        0x4 CMakeFiles/Warp.dir/home/cdalz/Warp-firmware/build/ksdk1.1/work/demos/Warp/src/warp-kl03-ksdk1.1-boot.c.obj
                0x000000001ffffe88                gWarpSupplySettlingDelayMilliseconds
 .data.gWarpUartBaudRateKbps
                0x000000001ffffe8c        0x4 CMakeFiles/Warp.dir/home/cdalz/Warp-firmware/build/ksdk1.1/work/demos/Warp/src/warp-kl03-ksdk1.1-boot.c.obj
                0x000000001ffffe8c                gWarpUartBaudRateKbps
 .data.inputPins
                0x000000001ffffe90       0x10 CMakeFiles/Warp.dir/home/cdalz/Warp-firmware/build/ksdk1.1/work/boards/Warp/gpio_pins.c.obj
                0x000000001ffffe90                inputPins
 .data.outputPins
                0x000000001ffffea0       0xf0 CMakeFiles/Warp.dir/home/cdalz/Warp-firmware/build/ksdk1.1/work/boards/Warp/gpio_pins.c.obj
                0x000000001ffffea0                outputPins
 .data.g_defaultClockConfigurations
                0x000000001fffff90       0x18 ../../../../lib/ksdk_platform_lib/armgcc/KL03Z4/release/libksdk_platform.a(fsl_clock_MKL03Z4.c.obj)
                0x000000001fffff90                g_defaultClockConfigurations
 *(.jcr*)
 .jcr           0x000000001fffffa8        0x0 /usr/lib/gcc/arm-none-eabi/6.3.1/thumb/v6-m/crtbegin.o
 .jcr           0x000000001fffffa8        0x4 /usr/lib/gcc/arm-none-eabi/6.3.1/thumb/v6-m/crtend.o
                0x000000001fffffac                . = ALIGN (0x4)
                0x000000001fffffac                __data_end__ = .
                0x00000000000066fc                __DATA_END = (__DATA_ROM + (__data_end__ - __data_start__))

.tm_clone_table
                0x000000001fffffac        0x0 load address 0x00000000000066fc
 .tm_clone_table
                0x000000001fffffac        0x0 /usr/lib/gcc/arm-none-eabi/6.3.1/thumb/v6-m/crtbegin.o
 .tm_clone_table
                0x000000001fffffac        0x0 /usr/lib/gcc/arm-none-eabi/6.3.1/thumb/v6-m/crtend.o

.igot.plt       0x000000001fffffac        0x0 load address 0x00000000000066fc
 .igot.plt      0x000000001fffffac        0x0 /usr/lib/gcc/arm-none-eabi/6.3.1/thumb/v6-m/crtbegin.o

.bss            0x000000001fffffac      0x30c load address 0x00000000000066fc
                0x000000001fffffac                . = ALIGN (0x4)
                0x000000001fffffac                __START_BSS = .
                0x000000001fffffac                __bss_start__ = .
 *(.bss)
 .bss           0x000000001fffffac       0x1c /usr/lib/gcc/arm-none-eabi/6.3.1/thumb/v6-m/crtbegin.o
 .bss           0x000000001fffffc8        0x8 /usr/lib/gcc/arm-none-eabi/6.3.1/../../../arm-none-eabi/lib/thumb/v6-m/libc_nano.a(lib_a-nano-mallocr.o)
                0x000000001fffffc8                __malloc_free_list
                0x000000001fffffcc                __malloc_sbrk_start
 .bss           0x000000001fffffd0       0x8c /usr/lib/gcc/arm-none-eabi/6.3.1/../../../arm-none-eabi/lib/thumb/v6-m/libc_nano.a(lib_a-__atexit.o)
 .bss           0x000000002000005c        0x4 /usr/lib/gcc/arm-none-eabi/6.3.1/../../../arm-none-eabi/lib/thumb/v6-m/libc_nano.a(lib_a-__call_atexit.o)
                0x000000002000005c                _global_atexit
 *(.bss*)
 .bss.heap_end.5241
                0x0000000020000060        0x4 CMakeFiles/Warp.dir/home/cdalz/Warp-firmware/build/ksdk1.1/work/platform/utilities/src/fsl_misc_utilities.c.obj
 .bss.deviceMMA8451QState
                0x0000000020000064       0x10 CMakeFiles/Warp.dir/home/cdalz/Warp-firmware/build/ksdk1.1/work/demos/Warp/src/warp-kl03-ksdk1.1-boot.c.obj
                0x0000000020000064                deviceMMA8451QState
 .bss.gWarpSleeptimeSeconds
                0x0000000020000074        0x4 CMakeFiles/Warp.dir/home/cdalz/Warp-firmware/build/ksdk1.1/work/demos/Warp/src/warp-kl03-ksdk1.1-boot.c.obj
                0x0000000020000074                gWarpSleeptimeSeconds
 .bss.i2cMasterState
                0x0000000020000078       0x24 CMakeFiles/Warp.dir/home/cdalz/Warp-firmware/build/ksdk1.1/work/demos/Warp/src/warp-kl03-ksdk1.1-boot.c.obj
                0x0000000020000078                i2cMasterState
 .bss.spiMasterState
                0x000000002000009c       0x30 CMakeFiles/Warp.dir/home/cdalz/Warp-firmware/build/ksdk1.1/work/demos/Warp/src/warp-kl03-ksdk1.1-boot.c.obj
                0x000000002000009c                spiMasterState
 .bss.spiUserConfig
                0x00000000200000cc        0x8 CMakeFiles/Warp.dir/home/cdalz/Warp-firmware/build/ksdk1.1/work/demos/Warp/src/warp-kl03-ksdk1.1-boot.c.obj
                0x00000000200000cc                spiUserConfig
 .bss._SEGGER_RTT
                0x00000000200000d4       0x78 CMakeFiles/Warp.dir/home/cdalz/Warp-firmware/build/ksdk1.1/work/demos/Warp/src/SEGGER_RTT.c.obj
                0x00000000200000d4                _SEGGER_RTT
 .bss._acDownBuffer
                0x000000002000014c        0x4 CMakeFiles/Warp.dir/home/cdalz/Warp-firmware/build/ksdk1.1/work/demos/Warp/src/SEGGER_RTT.c.obj
 .bss._acUpBuffer
                0x0000000020000150       0xc8 CMakeFiles/Warp.dir/home/cdalz/Warp-firmware/build/ksdk1.1/work/demos/Warp/src/SEGGER_RTT.c.obj
 .bss.inBuffer  0x0000000020000218        0x1 CMakeFiles/Warp.dir/home/cdalz/Warp-firmware/build/ksdk1.1/work/demos/Warp/src/devSSD1331.c.obj
                0x0000000020000218                inBuffer
 .bss.payloadBytes
                0x0000000020000219        0x1 CMakeFiles/Warp.dir/home/cdalz/Warp-firmware/build/ksdk1.1/work/demos/Warp/src/devSSD1331.c.obj
                0x0000000020000219                payloadBytes
 *fill*         0x000000002000021a        0x2 
 .bss.g_freeTaskControlBlock
                0x000000002000021c        0x4 ../../../../lib/ksdk_platform_lib/armgcc/KL03Z4/release/libksdk_platform.a(fsl_os_abstraction_bm.c.obj)
 .bss.g_taskControlBlockPool
                0x0000000020000220       0x50 ../../../../lib/ksdk_platform_lib/armgcc/KL03Z4/release/libksdk_platform.a(fsl_os_abstraction_bm.c.obj)
 .bss.g_taskListHead
                0x0000000020000270       0x10 ../../../../lib/ksdk_platform_lib/armgcc/KL03Z4/release/libksdk_platform.a(fsl_os_abstraction_bm.c.obj)
 .bss.g_clockState
                0x0000000020000280       0x10 ../../../../lib/ksdk_platform_lib/armgcc/KL03Z4/release/libksdk_platform.a(fsl_clock_manager.c.obj)
 .bss.g_interruptDisableCount
                0x0000000020000290        0x4 ../../../../lib/ksdk_platform_lib/armgcc/KL03Z4/release/libksdk_platform.a(fsl_interrupt_manager.c.obj)
                0x0000000020000290                g_interruptDisableCount
 .bss.gPowerManagerState
                0x0000000020000294       0x10 ../../../../lib/ksdk_platform_lib/armgcc/KL03Z4/release/libksdk_platform.a(fsl_power_manager.c.obj)
 .bss.g_i2cStatePtr
                0x00000000200002a4        0x4 ../../../../lib/ksdk_platform_lib/armgcc/KL03Z4/release/libksdk_platform.a(fsl_i2c_common.c.obj)
                0x00000000200002a4                g_i2cStatePtr
 .bss.g_xtal0ClkFreq
                0x00000000200002a8        0x4 ../../../../lib/ksdk_platform_lib/armgcc/KL03Z4/release/libksdk_platform.a(fsl_mcglite_hal.c.obj)
                0x00000000200002a8                g_xtal0ClkFreq
 .bss.g_xtalRtcClkFreq
                0x00000000200002ac        0x4 ../../../../lib/ksdk_platform_lib/armgcc/KL03Z4/release/libksdk_platform.a(fsl_mcglite_hal.c.obj)
                0x00000000200002ac                g_xtalRtcClkFreq
 .bss.g_spiStatePtr
                0x00000000200002b0        0x4 ../../../../lib/ksdk_platform_lib/armgcc/KL03Z4/release/libksdk_platform.a(fsl_spi_shared_function.c.obj)
                0x00000000200002b0                g_spiStatePtr
 *(COMMON)
 COMMON         0x00000000200002b4        0x4 /usr/lib/gcc/arm-none-eabi/6.3.1/../../../arm-none-eabi/lib/thumb/v6-m/libc_nano.a(lib_a-reent.o)
                0x00000000200002b4                errno
                0x00000000200002b8                . = ALIGN (0x4)
                0x00000000200002b8                __bss_end__ = .
                0x00000000200002b8                __END_BSS = .

.heap           0x00000000200002b8        0x0
                0x00000000200002b8                . = ALIGN (0x8)
                0x00000000200002b8                __end__ = .
                0x00000000200002b8                PROVIDE (end, .)
                0x00000000200002b8                __HeapBase = .
                0x00000000200002b8                . = (. + HEAP_SIZE)
                0x00000000200002b8                __HeapLimit = .

.stack          0x00000000200002b8      0x300 load address 0x0000000000006a08
                0x00000000200002b8                . = ALIGN (0x8)
                0x00000000200005b8                . = (. + STACK_SIZE)
 *fill*         0x00000000200002b8      0x300 
                0x0000000020000600                __StackTop = (ORIGIN (m_data) + LENGTH (m_data))
                0x0000000020000300                __StackLimit = (__StackTop - STACK_SIZE)
                0x0000000020000600                PROVIDE (__stack, __StackTop)

.ARM.attributes
                0x0000000000000000       0x28
 *(.ARM.attributes)
 .ARM.attributes
                0x0000000000000000       0x1e /usr/lib/gcc/arm-none-eabi/6.3.1/thumb/v6-m/crti.o
 .ARM.attributes
                0x000000000000001e       0x2c /usr/lib/gcc/arm-none-eabi/6.3.1/thumb/v6-m/crtbegin.o
 .ARM.attributes
                0x000000000000004a       0x1b /usr/lib/gcc/arm-none-eabi/6.3.1/../../../arm-none-eabi/lib/thumb/v6-m/crt0.o
 .ARM.attributes
                0x0000000000000065       0x32 CMakeFiles/Warp.dir/home/cdalz/Warp-firmware/build/ksdk1.1/work/platform/utilities/src/fsl_misc_utilities.c.obj
 .ARM.attributes
                0x0000000000000097       0x1b CMakeFiles/Warp.dir/home/cdalz/Warp-firmware/build/ksdk1.1/work/platform/startup/MKL03Z4/gcc/startup_MKL03Z4.S.obj
 .ARM.attributes
                0x00000000000000b2       0x32 CMakeFiles/Warp.dir/home/cdalz/Warp-firmware/build/ksdk1.1/work/demos/Warp/src/warp-kl03-ksdk1.1-boot.c.obj
 .ARM.attributes
                0x00000000000000e4       0x32 CMakeFiles/Warp.dir/home/cdalz/Warp-firmware/build/ksdk1.1/work/demos/Warp/src/warp-kl03-ksdk1.1-powermodes.c.obj
 .ARM.attributes
                0x0000000000000116       0x32 CMakeFiles/Warp.dir/home/cdalz/Warp-firmware/build/ksdk1.1/work/demos/Warp/src/devMMA8451Q.c.obj
 .ARM.attributes
                0x0000000000000148       0x32 CMakeFiles/Warp.dir/home/cdalz/Warp-firmware/build/ksdk1.1/work/demos/Warp/src/SEGGER_RTT.c.obj
 .ARM.attributes
                0x000000000000017a       0x32 CMakeFiles/Warp.dir/home/cdalz/Warp-firmware/build/ksdk1.1/work/demos/Warp/src/SEGGER_RTT_printf.c.obj
 .ARM.attributes
                0x00000000000001ac       0x32 CMakeFiles/Warp.dir/home/cdalz/Warp-firmware/build/ksdk1.1/work/platform/drivers/src/i2c/fsl_i2c_irq.c.obj
 .ARM.attributes
                0x00000000000001de       0x32 CMakeFiles/Warp.dir/home/cdalz/Warp-firmware/build/ksdk1.1/work/platform/drivers/src/spi/fsl_spi_irq.c.obj
 .ARM.attributes
                0x0000000000000210       0x32 CMakeFiles/Warp.dir/home/cdalz/Warp-firmware/build/ksdk1.1/work/platform/startup/MKL03Z4/system_MKL03Z4.c.obj
 .ARM.attributes
                0x0000000000000242       0x32 CMakeFiles/Warp.dir/home/cdalz/Warp-firmware/build/ksdk1.1/work/platform/startup/startup.c.obj
 .ARM.attributes
                0x0000000000000274       0x32 CMakeFiles/Warp.dir/home/cdalz/Warp-firmware/build/ksdk1.1/work/boards/Warp/gpio_pins.c.obj
 .ARM.attributes
                0x00000000000002a6       0x32 CMakeFiles/Warp.dir/home/cdalz/Warp-firmware/build/ksdk1.1/work/demos/Warp/src/devSSD1331.c.obj
 .ARM.attributes
                0x00000000000002d8       0x32 ../../../../lib/ksdk_platform_lib/armgcc/KL03Z4/release/libksdk_platform.a(fsl_os_abstraction_bm.c.obj)
 .ARM.attributes
                0x000000000000030a       0x32 ../../../../lib/ksdk_platform_lib/armgcc/KL03Z4/release/libksdk_platform.a(fsl_clock_manager.c.obj)
 .ARM.attributes
                0x000000000000033c       0x32 ../../../../lib/ksdk_platform_lib/armgcc/KL03Z4/release/libksdk_platform.a(fsl_clock_MKL03Z4.c.obj)
 .ARM.attributes
                0x000000000000036e       0x32 ../../../../lib/ksdk_platform_lib/armgcc/KL03Z4/release/libksdk_platform.a(fsl_interrupt_manager.c.obj)
 .ARM.attributes
                0x00000000000003a0       0x32 ../../../../lib/ksdk_platform_lib/armgcc/KL03Z4/release/libksdk_platform.a(fsl_power_manager.c.obj)
 .ARM.attributes
                0x00000000000003d2       0x32 ../../../../lib/ksdk_platform_lib/armgcc/KL03Z4/release/libksdk_platform.a(fsl_gpio_driver.c.obj)
 .ARM.attributes
                0x0000000000000404       0x32 ../../../../lib/ksdk_platform_lib/armgcc/KL03Z4/release/libksdk_platform.a(fsl_i2c_shared_function.c.obj)
 .ARM.attributes
                0x0000000000000436       0x32 ../../../../lib/ksdk_platform_lib/armgcc/KL03Z4/release/libksdk_platform.a(fsl_i2c_common.c.obj)
 .ARM.attributes
                0x0000000000000468       0x32 ../../../../lib/ksdk_platform_lib/armgcc/KL03Z4/release/libksdk_platform.a(fsl_i2c_master_driver.c.obj)
 .ARM.attributes
                0x000000000000049a       0x32 ../../../../lib/ksdk_platform_lib/armgcc/KL03Z4/release/libksdk_platform.a(fsl_i2c_slave_driver.c.obj)
 .ARM.attributes
                0x00000000000004cc       0x32 ../../../../lib/ksdk_platform_lib/armgcc/KL03Z4/release/libksdk_platform.a(fsl_mcglite_hal.c.obj)
 .ARM.attributes
                0x00000000000004fe       0x32 ../../../../lib/ksdk_platform_lib/armgcc/KL03Z4/release/libksdk_platform.a(fsl_mcglite_hal_modes.c.obj)
 .ARM.attributes
                0x0000000000000530       0x32 ../../../../lib/ksdk_platform_lib/armgcc/KL03Z4/release/libksdk_platform.a(fsl_osc_hal.c.obj)
 .ARM.attributes
                0x0000000000000562       0x32 ../../../../lib/ksdk_platform_lib/armgcc/KL03Z4/release/libksdk_platform.a(fsl_rtc_hal.c.obj)
 .ARM.attributes
                0x0000000000000594       0x32 ../../../../lib/ksdk_platform_lib/armgcc/KL03Z4/release/libksdk_platform.a(fsl_rtc_driver.c.obj)
 .ARM.attributes
                0x00000000000005c6       0x32 ../../../../lib/ksdk_platform_lib/armgcc/KL03Z4/release/libksdk_platform.a(fsl_rtc_common.c.obj)
 .ARM.attributes
                0x00000000000005f8       0x32 ../../../../lib/ksdk_platform_lib/armgcc/KL03Z4/release/libksdk_platform.a(fsl_sim_hal_MKL03Z4.c.obj)
 .ARM.attributes
                0x000000000000062a       0x32 ../../../../lib/ksdk_platform_lib/armgcc/KL03Z4/release/libksdk_platform.a(fsl_spi_shared_function.c.obj)
 .ARM.attributes
                0x000000000000065c       0x32 ../../../../lib/ksdk_platform_lib/armgcc/KL03Z4/release/libksdk_platform.a(fsl_spi_master_driver.c.obj)
 .ARM.attributes
                0x000000000000068e       0x32 ../../../../lib/ksdk_platform_lib/armgcc/KL03Z4/release/libksdk_platform.a(fsl_spi_slave_driver.c.obj)
 .ARM.attributes
                0x00000000000006c0       0x32 ../../../../lib/ksdk_platform_lib/armgcc/KL03Z4/release/libksdk_platform.a(fsl_spi_common.c.obj)
 .ARM.attributes
                0x00000000000006f2       0x32 ../../../../lib/ksdk_platform_lib/armgcc/KL03Z4/release/libksdk_platform.a(fsl_smc_hal.c.obj)
 .ARM.attributes
                0x0000000000000724       0x32 ../../../../lib/ksdk_platform_lib/armgcc/KL03Z4/release/libksdk_platform.a(fsl_clock_manager_common.c.obj)
 .ARM.attributes
                0x0000000000000756       0x32 ../../../../lib/ksdk_platform_lib/armgcc/KL03Z4/release/libksdk_platform.a(fsl_gpio_hal.c.obj)
 .ARM.attributes
                0x0000000000000788       0x32 ../../../../lib/ksdk_platform_lib/armgcc/KL03Z4/release/libksdk_platform.a(fsl_gpio_common.c.obj)
 .ARM.attributes
                0x00000000000007ba       0x32 ../../../../lib/ksdk_platform_lib/armgcc/KL03Z4/release/libksdk_platform.a(fsl_i2c_hal.c.obj)
 .ARM.attributes
                0x00000000000007ec       0x32 ../../../../lib/ksdk_platform_lib/armgcc/KL03Z4/release/libksdk_platform.a(fsl_spi_hal.c.obj)
 .ARM.attributes
                0x000000000000081e       0x2c /usr/lib/gcc/arm-none-eabi/6.3.1/../../../arm-none-eabi/lib/thumb/v6-m/libc_nano.a(lib_a-atexit.o)
 .ARM.attributes
                0x000000000000084a       0x2c /usr/lib/gcc/arm-none-eabi/6.3.1/../../../arm-none-eabi/lib/thumb/v6-m/libc_nano.a(lib_a-errno.o)
 .ARM.attributes
                0x0000000000000876       0x2c /usr/lib/gcc/arm-none-eabi/6.3.1/../../../arm-none-eabi/lib/thumb/v6-m/libc_nano.a(lib_a-exit.o)
 .ARM.attributes
                0x00000000000008a2       0x2c /usr/lib/gcc/arm-none-eabi/6.3.1/../../../arm-none-eabi/lib/thumb/v6-m/libc_nano.a(lib_a-fini.o)
 .ARM.attributes
                0x00000000000008ce       0x2c /usr/lib/gcc/arm-none-eabi/6.3.1/../../../arm-none-eabi/lib/thumb/v6-m/libc_nano.a(lib_a-impure.o)
 .ARM.attributes
                0x00000000000008fa       0x2c /usr/lib/gcc/arm-none-eabi/6.3.1/../../../arm-none-eabi/lib/thumb/v6-m/libc_nano.a(lib_a-init.o)
 .ARM.attributes
                0x0000000000000926       0x2c /usr/lib/gcc/arm-none-eabi/6.3.1/../../../arm-none-eabi/lib/thumb/v6-m/libc_nano.a(lib_a-malloc.o)
 .ARM.attributes
                0x0000000000000952       0x2c /usr/lib/gcc/arm-none-eabi/6.3.1/../../../arm-none-eabi/lib/thumb/v6-m/libc_nano.a(lib_a-memcpy-stub.o)
 .ARM.attributes
                0x000000000000097e       0x2c /usr/lib/gcc/arm-none-eabi/6.3.1/../../../arm-none-eabi/lib/thumb/v6-m/libc_nano.a(lib_a-memset.o)
 .ARM.attributes
                0x00000000000009aa       0x2c /usr/lib/gcc/arm-none-eabi/6.3.1/../../../arm-none-eabi/lib/thumb/v6-m/libc_nano.a(lib_a-nano-freer.o)
 .ARM.attributes
                0x00000000000009d6       0x2c /usr/lib/gcc/arm-none-eabi/6.3.1/../../../arm-none-eabi/lib/thumb/v6-m/libc_nano.a(lib_a-nano-mallocr.o)
 .ARM.attributes
                0x0000000000000a02       0x2c /usr/lib/gcc/arm-none-eabi/6.3.1/../../../arm-none-eabi/lib/thumb/v6-m/libc_nano.a(lib_a-sbrkr.o)
 .ARM.attributes
                0x0000000000000a2e       0x2c /usr/lib/gcc/arm-none-eabi/6.3.1/../../../arm-none-eabi/lib/thumb/v6-m/libc_nano.a(lib_a-strcpy.o)
 .ARM.attributes
                0x0000000000000a5a       0x2c /usr/lib/gcc/arm-none-eabi/6.3.1/../../../arm-none-eabi/lib/thumb/v6-m/libc_nano.a(lib_a-strlen-stub.o)
 .ARM.attributes
                0x0000000000000a86       0x2c /usr/lib/gcc/arm-none-eabi/6.3.1/../../../arm-none-eabi/lib/thumb/v6-m/libc_nano.a(lib_a-__atexit.o)
 .ARM.attributes
                0x0000000000000ab2       0x2c /usr/lib/gcc/arm-none-eabi/6.3.1/../../../arm-none-eabi/lib/thumb/v6-m/libc_nano.a(lib_a-__call_atexit.o)
 .ARM.attributes
                0x0000000000000ade       0x2c /usr/lib/gcc/arm-none-eabi/6.3.1/../../../arm-none-eabi/lib/thumb/v6-m/libc_nano.a(lib_a-reent.o)
 .ARM.attributes
                0x0000000000000b0a       0x1e /usr/lib/gcc/arm-none-eabi/6.3.1/thumb/v6-m/libgcc.a(_thumb1_case_uqi.o)
 .ARM.attributes
                0x0000000000000b28       0x1e /usr/lib/gcc/arm-none-eabi/6.3.1/thumb/v6-m/libgcc.a(_udivsi3.o)
 .ARM.attributes
                0x0000000000000b46       0x1e /usr/lib/gcc/arm-none-eabi/6.3.1/thumb/v6-m/libgcc.a(_divsi3.o)
 .ARM.attributes
                0x0000000000000b64       0x1e /usr/lib/gcc/arm-none-eabi/6.3.1/thumb/v6-m/libgcc.a(_dvmd_tls.o)
 .ARM.attributes
                0x0000000000000b82       0x2c /usr/lib/gcc/arm-none-eabi/6.3.1/../../../arm-none-eabi/lib/thumb/v6-m/libnosys.a(_exit.o)
 .ARM.attributes
                0x0000000000000bae       0x2c /usr/lib/gcc/arm-none-eabi/6.3.1/thumb/v6-m/crtend.o
 .ARM.attributes
                0x0000000000000bda       0x1e /usr/lib/gcc/arm-none-eabi/6.3.1/thumb/v6-m/crtn.o
                0x0000000000000001                ASSERT ((__StackLimit >= __HeapLimit), region m_data overflowed with stack and heap)
OUTPUT(release/Warp.elf elf32-littlearm)

.comment        0x0000000000000000       0x31
 .comment       0x0000000000000000       0x31 /usr/lib/gcc/arm-none-eabi/6.3.1/thumb/v6-m/crtbegin.o
                                         0x32 (size before relaxing)
 .comment       0x0000000000000031       0x32 CMakeFiles/Warp.dir/home/cdalz/Warp-firmware/build/ksdk1.1/work/platform/utilities/src/fsl_misc_utilities.c.obj
 .comment       0x0000000000000031       0x32 CMakeFiles/Warp.dir/home/cdalz/Warp-firmware/build/ksdk1.1/work/demos/Warp/src/warp-kl03-ksdk1.1-boot.c.obj
 .comment       0x0000000000000031       0x32 CMakeFiles/Warp.dir/home/cdalz/Warp-firmware/build/ksdk1.1/work/demos/Warp/src/warp-kl03-ksdk1.1-powermodes.c.obj
 .comment       0x0000000000000031       0x32 CMakeFiles/Warp.dir/home/cdalz/Warp-firmware/build/ksdk1.1/work/demos/Warp/src/devMMA8451Q.c.obj
 .comment       0x0000000000000031       0x32 CMakeFiles/Warp.dir/home/cdalz/Warp-firmware/build/ksdk1.1/work/demos/Warp/src/SEGGER_RTT.c.obj
 .comment       0x0000000000000031       0x32 CMakeFiles/Warp.dir/home/cdalz/Warp-firmware/build/ksdk1.1/work/demos/Warp/src/SEGGER_RTT_printf.c.obj
 .comment       0x0000000000000031       0x32 CMakeFiles/Warp.dir/home/cdalz/Warp-firmware/build/ksdk1.1/work/platform/drivers/src/i2c/fsl_i2c_irq.c.obj
 .comment       0x0000000000000031       0x32 CMakeFiles/Warp.dir/home/cdalz/Warp-firmware/build/ksdk1.1/work/platform/drivers/src/spi/fsl_spi_irq.c.obj
 .comment       0x0000000000000031       0x32 CMakeFiles/Warp.dir/home/cdalz/Warp-firmware/build/ksdk1.1/work/platform/startup/MKL03Z4/system_MKL03Z4.c.obj
 .comment       0x0000000000000031       0x32 CMakeFiles/Warp.dir/home/cdalz/Warp-firmware/build/ksdk1.1/work/platform/startup/startup.c.obj
 .comment       0x0000000000000031       0x32 CMakeFiles/Warp.dir/home/cdalz/Warp-firmware/build/ksdk1.1/work/boards/Warp/gpio_pins.c.obj
 .comment       0x0000000000000031       0x32 CMakeFiles/Warp.dir/home/cdalz/Warp-firmware/build/ksdk1.1/work/demos/Warp/src/devSSD1331.c.obj
 .comment       0x0000000000000031       0x32 ../../../../lib/ksdk_platform_lib/armgcc/KL03Z4/release/libksdk_platform.a(fsl_os_abstraction_bm.c.obj)
 .comment       0x0000000000000031       0x32 ../../../../lib/ksdk_platform_lib/armgcc/KL03Z4/release/libksdk_platform.a(fsl_clock_manager.c.obj)
 .comment       0x0000000000000031       0x32 ../../../../lib/ksdk_platform_lib/armgcc/KL03Z4/release/libksdk_platform.a(fsl_clock_MKL03Z4.c.obj)
 .comment       0x0000000000000031       0x32 ../../../../lib/ksdk_platform_lib/armgcc/KL03Z4/release/libksdk_platform.a(fsl_interrupt_manager.c.obj)
 .comment       0x0000000000000031       0x32 ../../../../lib/ksdk_platform_lib/armgcc/KL03Z4/release/libksdk_platform.a(fsl_power_manager.c.obj)
 .comment       0x0000000000000031       0x32 ../../../../lib/ksdk_platform_lib/armgcc/KL03Z4/release/libksdk_platform.a(fsl_gpio_driver.c.obj)
 .comment       0x0000000000000031       0x32 ../../../../lib/ksdk_platform_lib/armgcc/KL03Z4/release/libksdk_platform.a(fsl_i2c_shared_function.c.obj)
 .comment       0x0000000000000031       0x32 ../../../../lib/ksdk_platform_lib/armgcc/KL03Z4/release/libksdk_platform.a(fsl_i2c_common.c.obj)
 .comment       0x0000000000000031       0x32 ../../../../lib/ksdk_platform_lib/armgcc/KL03Z4/release/libksdk_platform.a(fsl_i2c_master_driver.c.obj)
 .comment       0x0000000000000031       0x32 ../../../../lib/ksdk_platform_lib/armgcc/KL03Z4/release/libksdk_platform.a(fsl_i2c_slave_driver.c.obj)
 .comment       0x0000000000000031       0x32 ../../../../lib/ksdk_platform_lib/armgcc/KL03Z4/release/libksdk_platform.a(fsl_mcglite_hal.c.obj)
 .comment       0x0000000000000031       0x32 ../../../../lib/ksdk_platform_lib/armgcc/KL03Z4/release/libksdk_platform.a(fsl_mcglite_hal_modes.c.obj)
 .comment       0x0000000000000031       0x32 ../../../../lib/ksdk_platform_lib/armgcc/KL03Z4/release/libksdk_platform.a(fsl_osc_hal.c.obj)
 .comment       0x0000000000000031       0x32 ../../../../lib/ksdk_platform_lib/armgcc/KL03Z4/release/libksdk_platform.a(fsl_rtc_hal.c.obj)
 .comment       0x0000000000000031       0x32 ../../../../lib/ksdk_platform_lib/armgcc/KL03Z4/release/libksdk_platform.a(fsl_rtc_driver.c.obj)
 .comment       0x0000000000000031       0x32 ../../../../lib/ksdk_platform_lib/armgcc/KL03Z4/release/libksdk_platform.a(fsl_rtc_common.c.obj)
 .comment       0x0000000000000031       0x32 ../../../../lib/ksdk_platform_lib/armgcc/KL03Z4/release/libksdk_platform.a(fsl_sim_hal_MKL03Z4.c.obj)
 .comment       0x0000000000000031       0x32 ../../../../lib/ksdk_platform_lib/armgcc/KL03Z4/release/libksdk_platform.a(fsl_spi_shared_function.c.obj)
 .comment       0x0000000000000031       0x32 ../../../../lib/ksdk_platform_lib/armgcc/KL03Z4/release/libksdk_platform.a(fsl_spi_master_driver.c.obj)
 .comment       0x0000000000000031       0x32 ../../../../lib/ksdk_platform_lib/armgcc/KL03Z4/release/libksdk_platform.a(fsl_spi_slave_driver.c.obj)
 .comment       0x0000000000000031       0x32 ../../../../lib/ksdk_platform_lib/armgcc/KL03Z4/release/libksdk_platform.a(fsl_spi_common.c.obj)
 .comment       0x0000000000000031       0x32 ../../../../lib/ksdk_platform_lib/armgcc/KL03Z4/release/libksdk_platform.a(fsl_smc_hal.c.obj)
 .comment       0x0000000000000031       0x32 ../../../../lib/ksdk_platform_lib/armgcc/KL03Z4/release/libksdk_platform.a(fsl_clock_manager_common.c.obj)
 .comment       0x0000000000000031       0x32 ../../../../lib/ksdk_platform_lib/armgcc/KL03Z4/release/libksdk_platform.a(fsl_gpio_hal.c.obj)
 .comment       0x0000000000000031       0x32 ../../../../lib/ksdk_platform_lib/armgcc/KL03Z4/release/libksdk_platform.a(fsl_gpio_common.c.obj)
 .comment       0x0000000000000031       0x32 ../../../../lib/ksdk_platform_lib/armgcc/KL03Z4/release/libksdk_platform.a(fsl_i2c_hal.c.obj)
 .comment       0x0000000000000031       0x32 ../../../../lib/ksdk_platform_lib/armgcc/KL03Z4/release/libksdk_platform.a(fsl_spi_hal.c.obj)
 .comment       0x0000000000000031       0x32 /usr/lib/gcc/arm-none-eabi/6.3.1/../../../arm-none-eabi/lib/thumb/v6-m/libc_nano.a(lib_a-atexit.o)
 .comment       0x0000000000000031       0x32 /usr/lib/gcc/arm-none-eabi/6.3.1/../../../arm-none-eabi/lib/thumb/v6-m/libc_nano.a(lib_a-errno.o)
 .comment       0x0000000000000031       0x32 /usr/lib/gcc/arm-none-eabi/6.3.1/../../../arm-none-eabi/lib/thumb/v6-m/libc_nano.a(lib_a-exit.o)
 .comment       0x0000000000000031       0x32 /usr/lib/gcc/arm-none-eabi/6.3.1/../../../arm-none-eabi/lib/thumb/v6-m/libc_nano.a(lib_a-fini.o)
 .comment       0x0000000000000031       0x32 /usr/lib/gcc/arm-none-eabi/6.3.1/../../../arm-none-eabi/lib/thumb/v6-m/libc_nano.a(lib_a-impure.o)
 .comment       0x0000000000000031       0x32 /usr/lib/gcc/arm-none-eabi/6.3.1/../../../arm-none-eabi/lib/thumb/v6-m/libc_nano.a(lib_a-init.o)
 .comment       0x0000000000000031       0x32 /usr/lib/gcc/arm-none-eabi/6.3.1/../../../arm-none-eabi/lib/thumb/v6-m/libc_nano.a(lib_a-malloc.o)
 .comment       0x0000000000000031       0x32 /usr/lib/gcc/arm-none-eabi/6.3.1/../../../arm-none-eabi/lib/thumb/v6-m/libc_nano.a(lib_a-memcpy-stub.o)
 .comment       0x0000000000000031       0x32 /usr/lib/gcc/arm-none-eabi/6.3.1/../../../arm-none-eabi/lib/thumb/v6-m/libc_nano.a(lib_a-memset.o)
 .comment       0x0000000000000031       0x32 /usr/lib/gcc/arm-none-eabi/6.3.1/../../../arm-none-eabi/lib/thumb/v6-m/libc_nano.a(lib_a-nano-freer.o)
 .comment       0x0000000000000031       0x32 /usr/lib/gcc/arm-none-eabi/6.3.1/../../../arm-none-eabi/lib/thumb/v6-m/libc_nano.a(lib_a-nano-mallocr.o)
 .comment       0x0000000000000031       0x32 /usr/lib/gcc/arm-none-eabi/6.3.1/../../../arm-none-eabi/lib/thumb/v6-m/libc_nano.a(lib_a-sbrkr.o)
 .comment       0x0000000000000031       0x32 /usr/lib/gcc/arm-none-eabi/6.3.1/../../../arm-none-eabi/lib/thumb/v6-m/libc_nano.a(lib_a-strcpy.o)
 .comment       0x0000000000000031       0x32 /usr/lib/gcc/arm-none-eabi/6.3.1/../../../arm-none-eabi/lib/thumb/v6-m/libc_nano.a(lib_a-strlen-stub.o)
 .comment       0x0000000000000031       0x32 /usr/lib/gcc/arm-none-eabi/6.3.1/../../../arm-none-eabi/lib/thumb/v6-m/libc_nano.a(lib_a-__atexit.o)
 .comment       0x0000000000000031       0x32 /usr/lib/gcc/arm-none-eabi/6.3.1/../../../arm-none-eabi/lib/thumb/v6-m/libc_nano.a(lib_a-__call_atexit.o)
 .comment       0x0000000000000031       0x32 /usr/lib/gcc/arm-none-eabi/6.3.1/../../../arm-none-eabi/lib/thumb/v6-m/libc_nano.a(lib_a-reent.o)
 .comment       0x0000000000000031       0x32 /usr/lib/gcc/arm-none-eabi/6.3.1/../../../arm-none-eabi/lib/thumb/v6-m/libnosys.a(_exit.o)
 .comment       0x0000000000000031       0x32 /usr/lib/gcc/arm-none-eabi/6.3.1/thumb/v6-m/crtend.o

.debug_line     0x0000000000000000     0x18cf
 .debug_line    0x0000000000000000       0x83 /usr/lib/gcc/arm-none-eabi/6.3.1/../../../arm-none-eabi/lib/thumb/v6-m/crt0.o
 .debug_line    0x0000000000000083      0x153 /usr/lib/gcc/arm-none-eabi/6.3.1/../../../arm-none-eabi/lib/thumb/v6-m/libc_nano.a(lib_a-atexit.o)
 .debug_line    0x00000000000001d6      0x106 /usr/lib/gcc/arm-none-eabi/6.3.1/../../../arm-none-eabi/lib/thumb/v6-m/libc_nano.a(lib_a-errno.o)
 .debug_line    0x00000000000002dc      0x156 /usr/lib/gcc/arm-none-eabi/6.3.1/../../../arm-none-eabi/lib/thumb/v6-m/libc_nano.a(lib_a-exit.o)
 .debug_line    0x0000000000000432       0x9f /usr/lib/gcc/arm-none-eabi/6.3.1/../../../arm-none-eabi/lib/thumb/v6-m/libc_nano.a(lib_a-fini.o)
 .debug_line    0x00000000000004d1       0xe9 /usr/lib/gcc/arm-none-eabi/6.3.1/../../../arm-none-eabi/lib/thumb/v6-m/libc_nano.a(lib_a-impure.o)